<?xml version="1.0" encoding="ISO-8859-1" ?>
<link_info>
   <banner>TMS320C2000 Linker PC v22.6.0.LTS</banner>
   <copyright>Copyright (c) 1996-2018 Texas Instruments Incorporated</copyright>
   <link_time>0x68216c14</link_time>
   <link_errors>0x1</link_errors>
   <output_file>Example_2833xScia_FFDLB.out</output_file>
   <entry_point>
      <name>_c_int00</name>
      <address>0xfa8</address>
   </entry_point>
   <input_file_list>
      <input_file id="fl-2">
         <path>.\</path>
         <kind>object</kind>
         <file>DSP2833x_ADC_cal.obj</file>
         <name>DSP2833x_ADC_cal.obj</name>
      </input_file>
      <input_file id="fl-3">
         <path>.\</path>
         <kind>object</kind>
         <file>DSP2833x_CodeStartBranch.obj</file>
         <name>DSP2833x_CodeStartBranch.obj</name>
      </input_file>
      <input_file id="fl-4">
         <path>.\</path>
         <kind>object</kind>
         <file>DSP2833x_DefaultIsr.obj</file>
         <name>DSP2833x_DefaultIsr.obj</name>
      </input_file>
      <input_file id="fl-5">
         <path>.\</path>
         <kind>object</kind>
         <file>DSP2833x_GlobalVariableDefs.obj</file>
         <name>DSP2833x_GlobalVariableDefs.obj</name>
      </input_file>
      <input_file id="fl-6">
         <path>.\</path>
         <kind>object</kind>
         <file>DSP2833x_PieCtrl.obj</file>
         <name>DSP2833x_PieCtrl.obj</name>
      </input_file>
      <input_file id="fl-7">
         <path>.\</path>
         <kind>object</kind>
         <file>DSP2833x_PieVect.obj</file>
         <name>DSP2833x_PieVect.obj</name>
      </input_file>
      <input_file id="fl-8">
         <path>.\</path>
         <kind>object</kind>
         <file>DSP2833x_Sci.obj</file>
         <name>DSP2833x_Sci.obj</name>
      </input_file>
      <input_file id="fl-9">
         <path>.\</path>
         <kind>object</kind>
         <file>DSP2833x_SysCtrl.obj</file>
         <name>DSP2833x_SysCtrl.obj</name>
      </input_file>
      <input_file id="fl-a">
         <path>.\</path>
         <kind>object</kind>
         <file>DSP2833x_usDelay.obj</file>
         <name>DSP2833x_usDelay.obj</name>
      </input_file>
      <input_file id="fl-b">
         <path>.\Hardware\SRC\</path>
         <kind>object</kind>
         <file>DCmotor.obj</file>
         <name>DCmotor.obj</name>
      </input_file>
      <input_file id="fl-c">
         <path>.\Hardware\SRC\</path>
         <kind>object</kind>
         <file>DSP2833x_CpuTimers.obj</file>
         <name>DSP2833x_CpuTimers.obj</name>
      </input_file>
      <input_file id="fl-d">
         <path>.\Hardware\SRC\</path>
         <kind>object</kind>
         <file>key.obj</file>
         <name>key.obj</name>
      </input_file>
      <input_file id="fl-e">
         <path>.\Hardware\SRC\</path>
         <kind>object</kind>
         <file>keyboard.obj</file>
         <name>keyboard.obj</name>
      </input_file>
      <input_file id="fl-f">
         <path>.\Hardware\SRC\</path>
         <kind>object</kind>
         <file>led.obj</file>
         <name>led.obj</name>
      </input_file>
      <input_file id="fl-10">
         <path>.\Hardware\SRC\</path>
         <kind>object</kind>
         <file>scic.obj</file>
         <name>scic.obj</name>
      </input_file>
      <input_file id="fl-11">
         <path>.\Hardware\SRC\</path>
         <kind>object</kind>
         <file>step_motor.obj</file>
         <name>step_motor.obj</name>
      </input_file>
      <input_file id="fl-12">
         <path>.\Hardware\SRC\</path>
         <kind>object</kind>
         <file>timer.obj</file>
         <name>timer.obj</name>
      </input_file>
      <input_file id="fl-13">
         <path>.\User\</path>
         <kind>object</kind>
         <file>Example_2833xScia_FFDLB.obj</file>
         <name>Example_2833xScia_FFDLB.obj</name>
      </input_file>
      <input_file id="fl-18">
         <kind>object</kind>
         <file>&lt;internal&gt;</file>
         <name>&lt;internal&gt;</name>
      </input_file>
      <input_file id="fl-19">
         <path>D:\CCS\ccs\ccs\tools\compiler\ti-cgt-c2000_22.6.0.LTS\lib\</path>
         <kind>archive</kind>
         <file>rts2800_fpu32.lib</file>
         <name>boot28.asm.obj</name>
      </input_file>
      <input_file id="fl-1a">
         <path>D:\CCS\ccs\ccs\tools\compiler\ti-cgt-c2000_22.6.0.LTS\lib\</path>
         <kind>archive</kind>
         <file>rts2800_fpu32.lib</file>
         <name>ll_cmp28.asm.obj</name>
      </input_file>
      <input_file id="fl-1b">
         <path>D:\CCS\ccs\ccs\tools\compiler\ti-cgt-c2000_22.6.0.LTS\lib\</path>
         <kind>archive</kind>
         <file>rts2800_fpu32.lib</file>
         <name>i_div28.asm.obj</name>
      </input_file>
      <input_file id="fl-1c">
         <path>D:\CCS\ccs\ccs\tools\compiler\ti-cgt-c2000_22.6.0.LTS\lib\</path>
         <kind>archive</kind>
         <file>rts2800_fpu32.lib</file>
         <name>u_div28.asm.obj</name>
      </input_file>
      <input_file id="fl-1d">
         <path>D:\CCS\ccs\ccs\tools\compiler\ti-cgt-c2000_22.6.0.LTS\lib\</path>
         <kind>archive</kind>
         <file>rts2800_fpu32.lib</file>
         <name>cpy_tbl.c.obj</name>
      </input_file>
      <input_file id="fl-1e">
         <path>D:\CCS\ccs\ccs\tools\compiler\ti-cgt-c2000_22.6.0.LTS\lib\</path>
         <kind>archive</kind>
         <file>rts2800_fpu32.lib</file>
         <name>memcpy.c.obj</name>
      </input_file>
      <input_file id="fl-1f">
         <path>D:\CCS\ccs\ccs\tools\compiler\ti-cgt-c2000_22.6.0.LTS\lib\</path>
         <kind>archive</kind>
         <file>rts2800_fpu32.lib</file>
         <name>pre_init.c.obj</name>
      </input_file>
      <input_file id="fl-20">
         <path>D:\CCS\ccs\ccs\tools\compiler\ti-cgt-c2000_22.6.0.LTS\lib\</path>
         <kind>archive</kind>
         <file>rts2800_fpu32.lib</file>
         <name>startup.c.obj</name>
      </input_file>
      <input_file id="fl-21">
         <path>D:\CCS\ccs\ccs\tools\compiler\ti-cgt-c2000_22.6.0.LTS\lib\</path>
         <kind>archive</kind>
         <file>rts2800_fpu32.lib</file>
         <name>exit.c.obj</name>
      </input_file>
      <input_file id="fl-22">
         <path>D:\CCS\ccs\ccs\tools\compiler\ti-cgt-c2000_22.6.0.LTS\lib\</path>
         <kind>archive</kind>
         <file>rts2800_fpu32.lib</file>
         <name>_lock.c.obj</name>
      </input_file>
      <input_file id="fl-23">
         <path>D:\CCS\ccs\ccs\tools\compiler\ti-cgt-c2000_22.6.0.LTS\lib\</path>
         <kind>archive</kind>
         <file>rts2800_fpu32.lib</file>
         <name>args_main.c.obj</name>
      </input_file>
      <input_file id="fl-24">
         <path>D:\CCS\ccs\ccs\tools\compiler\ti-cgt-c2000_22.6.0.LTS\lib\</path>
         <kind>archive</kind>
         <file>rts2800_fpu32.lib</file>
         <name>localtim.c.obj</name>
      </input_file>
      <input_file id="fl-25">
         <path>D:\CCS\ccs\ccs\tools\compiler\ti-cgt-c2000_22.6.0.LTS\lib\</path>
         <kind>archive</kind>
         <file>rts2800_fpu32.lib</file>
         <name>mktime.c.obj</name>
      </input_file>
      <input_file id="fl-26">
         <path>D:\CCS\ccs\ccs\tools\compiler\ti-cgt-c2000_22.6.0.LTS\lib\</path>
         <kind>archive</kind>
         <file>rts2800_fpu32.lib</file>
         <name>tmzone.c.obj</name>
      </input_file>
      <input_file id="fl-27">
         <path>D:\CCS\ccs\ccs\tools\compiler\ti-cgt-c2000_22.6.0.LTS\lib\</path>
         <kind>archive</kind>
         <file>rts2800_fpu32.lib</file>
         <name>time.c.obj</name>
      </input_file>
      <input_file id="fl-28">
         <path>D:\CCS\ccs\ccs\tools\compiler\ti-cgt-c2000_22.6.0.LTS\lib\</path>
         <kind>archive</kind>
         <file>rts2800_fpu32.lib</file>
         <name>ll_div28.asm.obj</name>
      </input_file>
      <input_file id="fl-29">
         <path>D:\CCS\ccs\ccs\tools\compiler\ti-cgt-c2000_22.6.0.LTS\lib\</path>
         <kind>archive</kind>
         <file>rts2800_fpu32.lib</file>
         <name>l_div28.asm.obj</name>
      </input_file>
      <input_file id="fl-2a">
         <path>D:\CCS\ccs\ccs\tools\compiler\ti-cgt-c2000_22.6.0.LTS\lib\</path>
         <kind>archive</kind>
         <file>rts2800_fpu32.lib</file>
         <name>hosttime.c.obj</name>
      </input_file>
      <input_file id="fl-2b">
         <path>D:\CCS\ccs\ccs\tools\compiler\ti-cgt-c2000_22.6.0.LTS\lib\</path>
         <kind>archive</kind>
         <file>rts2800_fpu32.lib</file>
         <name>trgmsg.c.obj</name>
      </input_file>
      <input_file id="fl-2c">
         <path>D:\CCS\ccs\ccs\tools\compiler\ti-cgt-c2000_22.6.0.LTS\lib\</path>
         <kind>archive</kind>
         <file>rts2800_fpu32.lib</file>
         <name>hostopen.c.obj</name>
      </input_file>
      <input_file id="fl-2d">
         <path>D:\CCS\ccs\ccs\tools\compiler\ti-cgt-c2000_22.6.0.LTS\lib\</path>
         <kind>archive</kind>
         <file>rts2800_fpu32.lib</file>
         <name>strlen.c.obj</name>
      </input_file>
   </input_file_list>
   <object_component_list>
      <object_component id="oc-52">
         <name>codestart</name>
         <load_address>0x0</load_address>
         <run_address>0x0</run_address>
         <size>0x2</size>
         <input_file_ref idref="fl-3"/>
      </object_component>
      <object_component id="oc-a4">
         <name>ramfuncs</name>
         <load_address>0x80b5</load_address>
         <run_address>0x80b5</run_address>
         <size>0x4</size>
         <input_file_ref idref="fl-a"/>
      </object_component>
      <object_component id="oc-51">
         <name>.text</name>
         <load_address>0x1246</load_address>
         <run_address>0x1246</run_address>
         <size>0x8</size>
         <input_file_ref idref="fl-3"/>
      </object_component>
      <object_component id="oc-58">
         <name>.text:retain</name>
         <load_address>0x0</load_address>
         <run_address>0x0</run_address>
         <size>0x319</size>
         <input_file_ref idref="fl-4"/>
      </object_component>
      <object_component id="oc-172">
         <name>.text</name>
         <load_address>0xffe</load_address>
         <run_address>0xffe</run_address>
         <size>0x50</size>
         <input_file_ref idref="fl-6"/>
      </object_component>
      <object_component id="oc-173">
         <name>.text</name>
         <load_address>0x11ad</load_address>
         <run_address>0x11ad</run_address>
         <size>0x20</size>
         <input_file_ref idref="fl-7"/>
      </object_component>
      <object_component id="oc-16d">
         <name>.text</name>
         <load_address>0x10e4</load_address>
         <run_address>0x10e4</run_address>
         <size>0x30</size>
         <input_file_ref idref="fl-8"/>
      </object_component>
      <object_component id="oc-171">
         <name>.text</name>
         <load_address>0x8e8</load_address>
         <run_address>0x8e8</run_address>
         <size>0xf7</size>
         <input_file_ref idref="fl-9"/>
      </object_component>
      <object_component id="oc-174">
         <name>.text</name>
         <load_address>0xc2b</load_address>
         <run_address>0xc2b</run_address>
         <size>0x94</size>
         <input_file_ref idref="fl-b"/>
      </object_component>
      <object_component id="oc-170">
         <name>.text</name>
         <load_address>0xdde</load_address>
         <run_address>0xdde</run_address>
         <size>0x7f</size>
         <input_file_ref idref="fl-c"/>
      </object_component>
      <object_component id="oc-15e">
         <name>.text</name>
         <load_address>0xd53</load_address>
         <run_address>0xd53</run_address>
         <size>0x8b</size>
         <input_file_ref idref="fl-d"/>
      </object_component>
      <object_component id="oc-15f">
         <name>.text</name>
         <load_address>0x319</load_address>
         <run_address>0x319</run_address>
         <size>0x22a</size>
         <input_file_ref idref="fl-e"/>
      </object_component>
      <object_component id="oc-16f">
         <name>.text</name>
         <load_address>0x104e</load_address>
         <run_address>0x104e</run_address>
         <size>0x50</size>
         <input_file_ref idref="fl-f"/>
      </object_component>
      <object_component id="oc-15a">
         <name>.text</name>
         <load_address>0xf4c</load_address>
         <run_address>0xf4c</run_address>
         <size>0x5c</size>
         <input_file_ref idref="fl-10"/>
      </object_component>
      <object_component id="oc-cc">
         <name>.text:retain</name>
         <load_address>0x109e</load_address>
         <run_address>0x109e</run_address>
         <size>0x46</size>
         <input_file_ref idref="fl-10"/>
      </object_component>
      <object_component id="oc-16e">
         <name>.text</name>
         <load_address>0x6cd</load_address>
         <run_address>0x6cd</run_address>
         <size>0x114</size>
         <input_file_ref idref="fl-11"/>
      </object_component>
      <object_component id="oc-15d">
         <name>.text</name>
         <load_address>0x9df</load_address>
         <run_address>0x9df</run_address>
         <size>0xf6</size>
         <input_file_ref idref="fl-12"/>
      </object_component>
      <object_component id="oc-db">
         <name>.text:retain</name>
         <load_address>0xed8</load_address>
         <run_address>0xed8</run_address>
         <size>0x74</size>
         <input_file_ref idref="fl-12"/>
      </object_component>
      <object_component id="oc-161">
         <name>.text</name>
         <load_address>0xcbf</load_address>
         <run_address>0xcbf</run_address>
         <size>0x94</size>
         <input_file_ref idref="fl-13"/>
      </object_component>
      <object_component id="oc-e2">
         <name>.text:retain</name>
         <load_address>0x121a</load_address>
         <run_address>0x121a</run_address>
         <size>0xd</size>
         <input_file_ref idref="fl-13"/>
      </object_component>
      <object_component id="oc-4b">
         <name>.text</name>
         <load_address>0xfa8</load_address>
         <run_address>0xfa8</run_address>
         <size>0x56</size>
         <input_file_ref idref="fl-19"/>
      </object_component>
      <object_component id="oc-ed">
         <name>.text</name>
         <load_address>0x11cd</load_address>
         <run_address>0x11cd</run_address>
         <size>0x1e</size>
         <input_file_ref idref="fl-1a"/>
      </object_component>
      <object_component id="oc-f2">
         <name>.text</name>
         <load_address>0x118b</load_address>
         <run_address>0x118b</run_address>
         <size>0x22</size>
         <input_file_ref idref="fl-1b"/>
      </object_component>
      <object_component id="oc-f7">
         <name>.text</name>
         <load_address>0x1232</load_address>
         <run_address>0x1232</run_address>
         <size>0xb</size>
         <input_file_ref idref="fl-1c"/>
      </object_component>
      <object_component id="oc-156">
         <name>.text</name>
         <load_address>0x1167</load_address>
         <run_address>0x1167</run_address>
         <size>0x24</size>
         <input_file_ref idref="fl-1d"/>
      </object_component>
      <object_component id="oc-160">
         <name>.text</name>
         <load_address>0x11eb</load_address>
         <run_address>0x11eb</run_address>
         <size>0x1d</size>
         <input_file_ref idref="fl-1e"/>
      </object_component>
      <object_component id="oc-155">
         <name>.text</name>
         <load_address>0x124e</load_address>
         <run_address>0x124e</run_address>
         <size>0x2</size>
         <input_file_ref idref="fl-1f"/>
      </object_component>
      <object_component id="oc-157">
         <name>.text</name>
         <load_address>0x1250</load_address>
         <run_address>0x1250</run_address>
         <size>0x1</size>
         <input_file_ref idref="fl-20"/>
      </object_component>
      <object_component id="oc-159">
         <name>.text</name>
         <load_address>0x113e</load_address>
         <run_address>0x113e</run_address>
         <size>0x29</size>
         <input_file_ref idref="fl-21"/>
      </object_component>
      <object_component id="oc-175">
         <name>.text</name>
         <load_address>0x123d</load_address>
         <run_address>0x123d</run_address>
         <size>0x9</size>
         <input_file_ref idref="fl-22"/>
      </object_component>
      <object_component id="oc-158">
         <name>.text</name>
         <load_address>0x1208</load_address>
         <run_address>0x1208</run_address>
         <size>0x12</size>
         <input_file_ref idref="fl-23"/>
      </object_component>
      <object_component id="oc-167">
         <name>.text</name>
         <load_address>0xad5</load_address>
         <run_address>0xad5</run_address>
         <size>0xc1</size>
         <input_file_ref idref="fl-24"/>
      </object_component>
      <object_component id="oc-178">
         <name>.text</name>
         <load_address>0x543</load_address>
         <run_address>0x543</run_address>
         <size>0x18a</size>
         <input_file_ref idref="fl-25"/>
      </object_component>
      <object_component id="oc-166">
         <name>.text</name>
         <load_address>0x1227</load_address>
         <run_address>0x1227</run_address>
         <size>0xb</size>
         <input_file_ref idref="fl-27"/>
      </object_component>
      <object_component id="oc-136">
         <name>.text</name>
         <load_address>0x7e1</load_address>
         <run_address>0x7e1</run_address>
         <size>0x107</size>
         <input_file_ref idref="fl-28"/>
      </object_component>
      <object_component id="oc-13b">
         <name>.text</name>
         <load_address>0x1114</load_address>
         <run_address>0x1114</run_address>
         <size>0x2a</size>
         <input_file_ref idref="fl-29"/>
      </object_component>
      <object_component id="oc-177">
         <name>.text</name>
         <load_address>0xe5d</load_address>
         <run_address>0xe5d</run_address>
         <size>0x7b</size>
         <input_file_ref idref="fl-2a"/>
      </object_component>
      <object_component id="oc-180">
         <name>.text</name>
         <load_address>0xb96</load_address>
         <run_address>0xb96</run_address>
         <size>0x95</size>
         <input_file_ref idref="fl-2b"/>
      </object_component>
      <object_component id="oc-b5">
         <name>.cinit</name>
         <load_address>0x8000</load_address>
         <run_address>0x8000</run_address>
         <size>0x28</size>
         <input_file_ref idref="fl-d"/>
      </object_component>
      <object_component id="oc-169">
         <name>.cinit:_LedCode</name>
         <load_address>0x8028</load_address>
         <run_address>0x8028</run_address>
         <size>0x17</size>
         <input_file_ref idref="fl-e"/>
      </object_component>
      <object_component id="oc-bc">
         <name>.cinit</name>
         <load_address>0x803f</load_address>
         <run_address>0x803f</run_address>
         <size>0x14</size>
         <input_file_ref idref="fl-e"/>
      </object_component>
      <object_component id="oc-12e">
         <name>.cinit</name>
         <load_address>0x8053</load_address>
         <run_address>0x8053</run_address>
         <size>0xf</size>
         <input_file_ref idref="fl-26"/>
      </object_component>
      <object_component id="oc-111">
         <name>.cinit</name>
         <load_address>0x8062</load_address>
         <run_address>0x8062</run_address>
         <size>0xe</size>
         <input_file_ref idref="fl-21"/>
      </object_component>
      <object_component id="oc-165">
         <name>.cinit:_led_choose</name>
         <load_address>0x8070</load_address>
         <run_address>0x8070</run_address>
         <size>0xb</size>
         <input_file_ref idref="fl-e"/>
      </object_component>
      <object_component id="oc-d2">
         <name>.cinit</name>
         <load_address>0x807b</load_address>
         <run_address>0x807b</run_address>
         <size>0x9</size>
         <input_file_ref idref="fl-11"/>
      </object_component>
      <object_component id="oc-17c">
         <name>.cinit:_Backward</name>
         <load_address>0x8084</load_address>
         <run_address>0x8084</run_address>
         <size>0x7</size>
         <input_file_ref idref="fl-11"/>
      </object_component>
      <object_component id="oc-17a">
         <name>.cinit:_Forward</name>
         <load_address>0x808b</load_address>
         <run_address>0x808b</run_address>
         <size>0x7</size>
         <input_file_ref idref="fl-11"/>
      </object_component>
      <object_component id="oc-15c">
         <name>.cinit:_mytime</name>
         <load_address>0x8092</load_address>
         <run_address>0x8092</run_address>
         <size>0x6</size>
         <input_file_ref idref="fl-12"/>
      </object_component>
      <object_component id="oc-163">
         <name>.cinit:__lock</name>
         <load_address>0x8098</load_address>
         <run_address>0x8098</run_address>
         <size>0x5</size>
         <input_file_ref idref="fl-22"/>
      </object_component>
      <object_component id="oc-176">
         <name>.cinit:__unlock</name>
         <load_address>0x809d</load_address>
         <run_address>0x809d</run_address>
         <size>0x5</size>
         <input_file_ref idref="fl-22"/>
      </object_component>
      <object_component id="oc-c3">
         <name>.cinit</name>
         <load_address>0x80a2</load_address>
         <run_address>0x80a2</run_address>
         <size>0x5</size>
         <input_file_ref idref="fl-f"/>
      </object_component>
      <object_component id="oc-122">
         <name>.cinit</name>
         <load_address>0x80a7</load_address>
         <run_address>0x80a7</run_address>
         <size>0x4</size>
         <input_file_ref idref="fl-24"/>
      </object_component>
      <object_component id="oc-ca">
         <name>.cinit</name>
         <load_address>0x80ab</load_address>
         <run_address>0x80ab</run_address>
         <size>0x4</size>
         <input_file_ref idref="fl-10"/>
      </object_component>
      <object_component id="oc-d9">
         <name>.cinit</name>
         <load_address>0x80af</load_address>
         <run_address>0x80af</run_address>
         <size>0x4</size>
         <input_file_ref idref="fl-12"/>
      </object_component>
      <object_component id="oc-e7">
         <name>.stack</name>
         <uninitialized>true</uninitialized>
         <run_address>0x400</run_address>
         <size>0x0</size>
         <input_file_ref idref="fl-19"/>
      </object_component>
      <object_component id="oc-1d9">
         <name>.stack</name>
         <uninitialized>true</uninitialized>
         <run_address>0x400</run_address>
         <size>0x0</size>
      </object_component>
      <object_component id="oc-af">
         <name>.ebss</name>
         <uninitialized>true</uninitialized>
         <run_address>0xc000</run_address>
         <size>0x18</size>
         <input_file_ref idref="fl-c"/>
      </object_component>
      <object_component id="oc-b6">
         <name>.ebss</name>
         <uninitialized>true</uninitialized>
         <run_address>0xc040</run_address>
         <size>0xb</size>
         <input_file_ref idref="fl-d"/>
      </object_component>
      <object_component id="oc-bd">
         <name>.ebss</name>
         <uninitialized>true</uninitialized>
         <run_address>0xc04b</run_address>
         <size>0xa</size>
         <input_file_ref idref="fl-e"/>
      </object_component>
      <object_component id="oc-164">
         <name>.ebss:_led_choose</name>
         <uninitialized>true</uninitialized>
         <run_address>0xc038</run_address>
         <size>0x8</size>
         <input_file_ref idref="fl-e"/>
      </object_component>
      <object_component id="oc-168">
         <name>.ebss:_LedCode</name>
         <uninitialized>true</uninitialized>
         <run_address>0xc018</run_address>
         <size>0x14</size>
         <input_file_ref idref="fl-e"/>
      </object_component>
      <object_component id="oc-c4">
         <name>.ebss</name>
         <uninitialized>true</uninitialized>
         <run_address>0xc088</run_address>
         <size>0x2</size>
         <input_file_ref idref="fl-f"/>
      </object_component>
      <object_component id="oc-cb">
         <name>.ebss</name>
         <uninitialized>true</uninitialized>
         <run_address>0xc08a</run_address>
         <size>0x2</size>
         <input_file_ref idref="fl-10"/>
      </object_component>
      <object_component id="oc-d3">
         <name>.ebss</name>
         <uninitialized>true</uninitialized>
         <run_address>0xc07a</run_address>
         <size>0x4</size>
         <input_file_ref idref="fl-11"/>
      </object_component>
      <object_component id="oc-179">
         <name>.ebss:_Forward</name>
         <uninitialized>true</uninitialized>
         <run_address>0xc076</run_address>
         <size>0x4</size>
         <input_file_ref idref="fl-11"/>
      </object_component>
      <object_component id="oc-17b">
         <name>.ebss:_Backward</name>
         <uninitialized>true</uninitialized>
         <run_address>0xc072</run_address>
         <size>0x4</size>
         <input_file_ref idref="fl-11"/>
      </object_component>
      <object_component id="oc-da">
         <name>.ebss</name>
         <uninitialized>true</uninitialized>
         <run_address>0xc06c</run_address>
         <size>0x6</size>
         <input_file_ref idref="fl-12"/>
      </object_component>
      <object_component id="oc-15b">
         <name>.ebss:_mytime</name>
         <uninitialized>true</uninitialized>
         <run_address>0xc080</run_address>
         <size>0x3</size>
         <input_file_ref idref="fl-12"/>
      </object_component>
      <object_component id="oc-e1">
         <name>.ebss</name>
         <uninitialized>true</uninitialized>
         <run_address>0xc07e</run_address>
         <size>0x2</size>
         <input_file_ref idref="fl-13"/>
      </object_component>
      <object_component id="oc-112">
         <name>.ebss</name>
         <uninitialized>true</uninitialized>
         <run_address>0xc066</run_address>
         <size>0x6</size>
         <input_file_ref idref="fl-21"/>
      </object_component>
      <object_component id="oc-162">
         <name>.ebss:__lock</name>
         <uninitialized>true</uninitialized>
         <run_address>0xc084</run_address>
         <size>0x2</size>
         <input_file_ref idref="fl-22"/>
      </object_component>
      <object_component id="oc-17e">
         <name>.ebss:__unlock</name>
         <uninitialized>true</uninitialized>
         <run_address>0xc086</run_address>
         <size>0x2</size>
         <input_file_ref idref="fl-22"/>
      </object_component>
      <object_component id="oc-123">
         <name>.ebss</name>
         <uninitialized>true</uninitialized>
         <run_address>0xc055</run_address>
         <size>0x9</size>
         <input_file_ref idref="fl-24"/>
      </object_component>
      <object_component id="oc-12f">
         <name>.ebss</name>
         <uninitialized>true</uninitialized>
         <run_address>0xc02c</run_address>
         <size>0xc</size>
         <input_file_ref idref="fl-26"/>
      </object_component>
      <object_component id="oc-17f">
         <name>.ebss:_parmbuf</name>
         <uninitialized>true</uninitialized>
         <run_address>0xc05e</run_address>
         <size>0x8</size>
         <input_file_ref idref="fl-2c"/>
      </object_component>
      <object_component id="oc-17d">
         <name>.econst:_PieVectTableInit</name>
         <load_address>0xd000</load_address>
         <run_address>0xd000</run_address>
         <size>0x100</size>
         <input_file_ref idref="fl-7"/>
      </object_component>
      <object_component id="oc-182">
         <name>.econst:_mon_day</name>
         <load_address>0xd100</load_address>
         <run_address>0xd100</run_address>
         <size>0xc</size>
         <input_file_ref idref="fl-25"/>
      </object_component>
      <object_component id="oc-181">
         <name>.econst:_mon_len</name>
         <load_address>0xd10c</load_address>
         <run_address>0xd10c</run_address>
         <size>0xc</size>
         <input_file_ref idref="fl-25"/>
      </object_component>
      <object_component id="oc-16a">
         <name>.econst:_$P$T0$4</name>
         <load_address>0xd118</load_address>
         <run_address>0xd118</run_address>
         <size>0xa</size>
         <input_file_ref idref="fl-e"/>
      </object_component>
      <object_component id="oc-16b">
         <name>.econst:_$P$T1$5</name>
         <load_address>0xd122</load_address>
         <run_address>0xd122</run_address>
         <size>0x8</size>
         <input_file_ref idref="fl-e"/>
      </object_component>
      <object_component id="oc-16c">
         <name>.econst:_$P$T2$6</name>
         <load_address>0xd12a</load_address>
         <run_address>0xd12a</run_address>
         <size>0x8</size>
         <input_file_ref idref="fl-e"/>
      </object_component>
      <object_component id="oc-e8">
         <name>.reset</name>
         <load_address>0x3fffc0</load_address>
         <run_address>0x3fffc0</run_address>
         <size>0x2</size>
         <input_file_ref idref="fl-19"/>
      </object_component>
      <object_component id="oc-4c">
         <name>.adc_cal</name>
         <load_address>0x380080</load_address>
         <run_address>0x380080</run_address>
         <size>0x7</size>
         <input_file_ref idref="fl-2"/>
      </object_component>
      <object_component id="oc-8e">
         <name>PieVectTableFile</name>
         <uninitialized>true</uninitialized>
         <run_address>0xd00</run_address>
         <size>0x100</size>
         <input_file_ref idref="fl-5"/>
      </object_component>
      <object_component id="oc-8a">
         <name>DevEmuRegsFile</name>
         <uninitialized>true</uninitialized>
         <run_address>0x880</run_address>
         <size>0xd0</size>
         <input_file_ref idref="fl-5"/>
      </object_component>
      <object_component id="oc-62">
         <name>FlashRegsFile</name>
         <uninitialized>true</uninitialized>
         <run_address>0xa80</run_address>
         <size>0x8</size>
         <input_file_ref idref="fl-5"/>
      </object_component>
      <object_component id="oc-65">
         <name>CsmRegsFile</name>
         <uninitialized>true</uninitialized>
         <run_address>0xae0</run_address>
         <size>0x10</size>
         <input_file_ref idref="fl-5"/>
      </object_component>
      <object_component id="oc-64">
         <name>AdcMirrorFile</name>
         <uninitialized>true</uninitialized>
         <run_address>0xb00</run_address>
         <size>0x10</size>
         <input_file_ref idref="fl-5"/>
      </object_component>
      <object_component id="oc-6d">
         <name>XintfRegsFile</name>
         <uninitialized>true</uninitialized>
         <run_address>0xb20</run_address>
         <size>0x1e</size>
         <input_file_ref idref="fl-5"/>
      </object_component>
      <object_component id="oc-5e">
         <name>CpuTimer0RegsFile</name>
         <uninitialized>true</uninitialized>
         <run_address>0xc00</run_address>
         <size>0x8</size>
         <input_file_ref idref="fl-5"/>
      </object_component>
      <object_component id="oc-5f">
         <name>CpuTimer1RegsFile</name>
         <uninitialized>true</uninitialized>
         <run_address>0xc08</run_address>
         <size>0x8</size>
         <input_file_ref idref="fl-5"/>
      </object_component>
      <object_component id="oc-60">
         <name>CpuTimer2RegsFile</name>
         <uninitialized>true</uninitialized>
         <run_address>0xc10</run_address>
         <size>0x8</size>
         <input_file_ref idref="fl-5"/>
      </object_component>
      <object_component id="oc-6b">
         <name>PieCtrlRegsFile</name>
         <uninitialized>true</uninitialized>
         <run_address>0xce0</run_address>
         <size>0x1a</size>
         <input_file_ref idref="fl-5"/>
      </object_component>
      <object_component id="oc-8b">
         <name>DmaRegsFile</name>
         <uninitialized>true</uninitialized>
         <run_address>0x1000</run_address>
         <size>0xe0</size>
         <input_file_ref idref="fl-5"/>
      </object_component>
      <object_component id="oc-7d">
         <name>McbspaRegsFile</name>
         <uninitialized>true</uninitialized>
         <run_address>0x5000</run_address>
         <size>0x25</size>
         <input_file_ref idref="fl-5"/>
      </object_component>
      <object_component id="oc-7e">
         <name>McbspbRegsFile</name>
         <uninitialized>true</uninitialized>
         <run_address>0x5040</run_address>
         <size>0x25</size>
         <input_file_ref idref="fl-5"/>
      </object_component>
      <object_component id="oc-80">
         <name>ECanaRegsFile</name>
         <uninitialized>true</uninitialized>
         <run_address>0x6000</run_address>
         <size>0x34</size>
         <input_file_ref idref="fl-5"/>
      </object_component>
      <object_component id="oc-82">
         <name>ECanaLAMRegsFile</name>
         <uninitialized>true</uninitialized>
         <run_address>0x6040</run_address>
         <size>0x40</size>
         <input_file_ref idref="fl-5"/>
      </object_component>
      <object_component id="oc-8c">
         <name>ECanaMboxesFile</name>
         <uninitialized>true</uninitialized>
         <run_address>0x6100</run_address>
         <size>0x100</size>
         <input_file_ref idref="fl-5"/>
      </object_component>
      <object_component id="oc-83">
         <name>ECanaMOTSRegsFile</name>
         <uninitialized>true</uninitialized>
         <run_address>0x6080</run_address>
         <size>0x40</size>
         <input_file_ref idref="fl-5"/>
      </object_component>
      <object_component id="oc-84">
         <name>ECanaMOTORegsFile</name>
         <uninitialized>true</uninitialized>
         <run_address>0x60c0</run_address>
         <size>0x40</size>
         <input_file_ref idref="fl-5"/>
      </object_component>
      <object_component id="oc-81">
         <name>ECanbRegsFile</name>
         <uninitialized>true</uninitialized>
         <run_address>0x6200</run_address>
         <size>0x34</size>
         <input_file_ref idref="fl-5"/>
      </object_component>
      <object_component id="oc-85">
         <name>ECanbLAMRegsFile</name>
         <uninitialized>true</uninitialized>
         <run_address>0x6240</run_address>
         <size>0x40</size>
         <input_file_ref idref="fl-5"/>
      </object_component>
      <object_component id="oc-8d">
         <name>ECanbMboxesFile</name>
         <uninitialized>true</uninitialized>
         <run_address>0x6300</run_address>
         <size>0x100</size>
         <input_file_ref idref="fl-5"/>
      </object_component>
      <object_component id="oc-86">
         <name>ECanbMOTSRegsFile</name>
         <uninitialized>true</uninitialized>
         <run_address>0x6280</run_address>
         <size>0x40</size>
         <input_file_ref idref="fl-5"/>
      </object_component>
      <object_component id="oc-87">
         <name>ECanbMOTORegsFile</name>
         <uninitialized>true</uninitialized>
         <run_address>0x62c0</run_address>
         <size>0x40</size>
         <input_file_ref idref="fl-5"/>
      </object_component>
      <object_component id="oc-76">
         <name>EPwm1RegsFile</name>
         <uninitialized>true</uninitialized>
         <run_address>0x6800</run_address>
         <size>0x22</size>
         <input_file_ref idref="fl-5"/>
      </object_component>
      <object_component id="oc-77">
         <name>EPwm2RegsFile</name>
         <uninitialized>true</uninitialized>
         <run_address>0x6840</run_address>
         <size>0x22</size>
         <input_file_ref idref="fl-5"/>
      </object_component>
      <object_component id="oc-78">
         <name>EPwm3RegsFile</name>
         <uninitialized>true</uninitialized>
         <run_address>0x6880</run_address>
         <size>0x22</size>
         <input_file_ref idref="fl-5"/>
      </object_component>
      <object_component id="oc-79">
         <name>EPwm4RegsFile</name>
         <uninitialized>true</uninitialized>
         <run_address>0x68c0</run_address>
         <size>0x22</size>
         <input_file_ref idref="fl-5"/>
      </object_component>
      <object_component id="oc-7a">
         <name>EPwm5RegsFile</name>
         <uninitialized>true</uninitialized>
         <run_address>0x6900</run_address>
         <size>0x22</size>
         <input_file_ref idref="fl-5"/>
      </object_component>
      <object_component id="oc-7b">
         <name>EPwm6RegsFile</name>
         <uninitialized>true</uninitialized>
         <run_address>0x6940</run_address>
         <size>0x22</size>
         <input_file_ref idref="fl-5"/>
      </object_component>
      <object_component id="oc-6e">
         <name>ECap1RegsFile</name>
         <uninitialized>true</uninitialized>
         <run_address>0x6a00</run_address>
         <size>0x20</size>
         <input_file_ref idref="fl-5"/>
      </object_component>
      <object_component id="oc-6f">
         <name>ECap2RegsFile</name>
         <uninitialized>true</uninitialized>
         <run_address>0x6a20</run_address>
         <size>0x20</size>
         <input_file_ref idref="fl-5"/>
      </object_component>
      <object_component id="oc-70">
         <name>ECap3RegsFile</name>
         <uninitialized>true</uninitialized>
         <run_address>0x6a40</run_address>
         <size>0x20</size>
         <input_file_ref idref="fl-5"/>
      </object_component>
      <object_component id="oc-71">
         <name>ECap4RegsFile</name>
         <uninitialized>true</uninitialized>
         <run_address>0x6a60</run_address>
         <size>0x20</size>
         <input_file_ref idref="fl-5"/>
      </object_component>
      <object_component id="oc-72">
         <name>ECap5RegsFile</name>
         <uninitialized>true</uninitialized>
         <run_address>0x6a80</run_address>
         <size>0x20</size>
         <input_file_ref idref="fl-5"/>
      </object_component>
      <object_component id="oc-73">
         <name>ECap6RegsFile</name>
         <uninitialized>true</uninitialized>
         <run_address>0x6aa0</run_address>
         <size>0x20</size>
         <input_file_ref idref="fl-5"/>
      </object_component>
      <object_component id="oc-88">
         <name>EQep1RegsFile</name>
         <uninitialized>true</uninitialized>
         <run_address>0x6b00</run_address>
         <size>0x40</size>
         <input_file_ref idref="fl-5"/>
      </object_component>
      <object_component id="oc-89">
         <name>EQep2RegsFile</name>
         <uninitialized>true</uninitialized>
         <run_address>0x6b40</run_address>
         <size>0x40</size>
         <input_file_ref idref="fl-5"/>
      </object_component>
      <object_component id="oc-7f">
         <name>GpioCtrlRegsFile</name>
         <uninitialized>true</uninitialized>
         <run_address>0x6f80</run_address>
         <size>0x2e</size>
         <input_file_ref idref="fl-5"/>
      </object_component>
      <object_component id="oc-74">
         <name>GpioDataRegsFile</name>
         <uninitialized>true</uninitialized>
         <run_address>0x6fc0</run_address>
         <size>0x20</size>
         <input_file_ref idref="fl-5"/>
      </object_component>
      <object_component id="oc-63">
         <name>GpioIntRegsFile</name>
         <uninitialized>true</uninitialized>
         <run_address>0x6fe0</run_address>
         <size>0xa</size>
         <input_file_ref idref="fl-5"/>
      </object_component>
      <object_component id="oc-75">
         <name>SysCtrlRegsFile</name>
         <uninitialized>true</uninitialized>
         <run_address>0x7010</run_address>
         <size>0x20</size>
         <input_file_ref idref="fl-5"/>
      </object_component>
      <object_component id="oc-69">
         <name>SpiaRegsFile</name>
         <uninitialized>true</uninitialized>
         <run_address>0x7040</run_address>
         <size>0x10</size>
         <input_file_ref idref="fl-5"/>
      </object_component>
      <object_component id="oc-66">
         <name>SciaRegsFile</name>
         <uninitialized>true</uninitialized>
         <run_address>0x7050</run_address>
         <size>0x10</size>
         <input_file_ref idref="fl-5"/>
      </object_component>
      <object_component id="oc-6a">
         <name>XIntruptRegsFile</name>
         <uninitialized>true</uninitialized>
         <run_address>0x7070</run_address>
         <size>0x10</size>
         <input_file_ref idref="fl-5"/>
      </object_component>
      <object_component id="oc-6c">
         <name>AdcRegsFile</name>
         <uninitialized>true</uninitialized>
         <run_address>0x7100</run_address>
         <size>0x1e</size>
         <input_file_ref idref="fl-5"/>
      </object_component>
      <object_component id="oc-67">
         <name>ScibRegsFile</name>
         <uninitialized>true</uninitialized>
         <run_address>0x7750</run_address>
         <size>0x10</size>
         <input_file_ref idref="fl-5"/>
      </object_component>
      <object_component id="oc-68">
         <name>ScicRegsFile</name>
         <uninitialized>true</uninitialized>
         <run_address>0x7770</run_address>
         <size>0x10</size>
         <input_file_ref idref="fl-5"/>
      </object_component>
      <object_component id="oc-7c">
         <name>I2caRegsFile</name>
         <uninitialized>true</uninitialized>
         <run_address>0x7900</run_address>
         <size>0x22</size>
         <input_file_ref idref="fl-5"/>
      </object_component>
      <object_component id="oc-61">
         <name>CsmPwlFile</name>
         <uninitialized>true</uninitialized>
         <run_address>0x33fff8</run_address>
         <size>0x8</size>
         <input_file_ref idref="fl-5"/>
      </object_component>
      <object_component id="oc-4d">
         <name>.debug_line</name>
         <load_address>0x0</load_address>
         <run_address>0x0</run_address>
         <size>0x49</size>
         <input_file_ref idref="fl-2"/>
      </object_component>
      <object_component id="oc-53">
         <name>.debug_line</name>
         <load_address>0x49</load_address>
         <run_address>0x49</run_address>
         <size>0x61</size>
         <input_file_ref idref="fl-3"/>
      </object_component>
      <object_component id="oc-5a">
         <name>.debug_line</name>
         <load_address>0xaa</load_address>
         <run_address>0xaa</run_address>
         <size>0x74b</size>
         <input_file_ref idref="fl-4"/>
      </object_component>
      <object_component id="oc-92">
         <name>.debug_line</name>
         <load_address>0x7f5</load_address>
         <run_address>0x7f5</run_address>
         <size>0x93</size>
         <input_file_ref idref="fl-6"/>
      </object_component>
      <object_component id="oc-97">
         <name>.debug_line</name>
         <load_address>0x888</load_address>
         <run_address>0x888</run_address>
         <size>0x68</size>
         <input_file_ref idref="fl-7"/>
      </object_component>
      <object_component id="oc-9c">
         <name>.debug_line</name>
         <load_address>0x8f0</load_address>
         <run_address>0x8f0</run_address>
         <size>0xa1</size>
         <input_file_ref idref="fl-8"/>
      </object_component>
      <object_component id="oc-a1">
         <name>.debug_line</name>
         <load_address>0x991</load_address>
         <run_address>0x991</run_address>
         <size>0x145</size>
         <input_file_ref idref="fl-9"/>
      </object_component>
      <object_component id="oc-a5">
         <name>.debug_line</name>
         <load_address>0xad6</load_address>
         <run_address>0xad6</run_address>
         <size>0x48</size>
         <input_file_ref idref="fl-a"/>
      </object_component>
      <object_component id="oc-ab">
         <name>.debug_line</name>
         <load_address>0xb1e</load_address>
         <run_address>0xb1e</run_address>
         <size>0xcd</size>
         <input_file_ref idref="fl-b"/>
      </object_component>
      <object_component id="oc-b1">
         <name>.debug_line</name>
         <load_address>0xbeb</load_address>
         <run_address>0xbeb</run_address>
         <size>0x98</size>
         <input_file_ref idref="fl-c"/>
      </object_component>
      <object_component id="oc-b8">
         <name>.debug_line</name>
         <load_address>0xc83</load_address>
         <run_address>0xc83</run_address>
         <size>0x141</size>
         <input_file_ref idref="fl-d"/>
      </object_component>
      <object_component id="oc-bf">
         <name>.debug_line</name>
         <load_address>0xdc4</load_address>
         <run_address>0xdc4</run_address>
         <size>0x2e6</size>
         <input_file_ref idref="fl-e"/>
      </object_component>
      <object_component id="oc-c6">
         <name>.debug_line</name>
         <load_address>0x10aa</load_address>
         <run_address>0x10aa</run_address>
         <size>0xa5</size>
         <input_file_ref idref="fl-f"/>
      </object_component>
      <object_component id="oc-ce">
         <name>.debug_line</name>
         <load_address>0x114f</load_address>
         <run_address>0x114f</run_address>
         <size>0x12b</size>
         <input_file_ref idref="fl-10"/>
      </object_component>
      <object_component id="oc-d5">
         <name>.debug_line</name>
         <load_address>0x127a</load_address>
         <run_address>0x127a</run_address>
         <size>0x15c</size>
         <input_file_ref idref="fl-11"/>
      </object_component>
      <object_component id="oc-dd">
         <name>.debug_line</name>
         <load_address>0x13d6</load_address>
         <run_address>0x13d6</run_address>
         <size>0x165</size>
         <input_file_ref idref="fl-12"/>
      </object_component>
      <object_component id="oc-e4">
         <name>.debug_line</name>
         <load_address>0x153b</load_address>
         <run_address>0x153b</run_address>
         <size>0x102</size>
         <input_file_ref idref="fl-13"/>
      </object_component>
      <object_component id="oc-ea">
         <name>.debug_line</name>
         <load_address>0x163d</load_address>
         <run_address>0x163d</run_address>
         <size>0x7e</size>
         <input_file_ref idref="fl-19"/>
      </object_component>
      <object_component id="oc-ef">
         <name>.debug_line</name>
         <load_address>0x16bb</load_address>
         <run_address>0x16bb</run_address>
         <size>0x63</size>
         <input_file_ref idref="fl-1a"/>
      </object_component>
      <object_component id="oc-f4">
         <name>.debug_line</name>
         <load_address>0x171e</load_address>
         <run_address>0x171e</run_address>
         <size>0x69</size>
         <input_file_ref idref="fl-1b"/>
      </object_component>
      <object_component id="oc-f9">
         <name>.debug_line</name>
         <load_address>0x1787</load_address>
         <run_address>0x1787</run_address>
         <size>0x52</size>
         <input_file_ref idref="fl-1c"/>
      </object_component>
      <object_component id="oc-fe">
         <name>.debug_line</name>
         <load_address>0x17d9</load_address>
         <run_address>0x17d9</run_address>
         <size>0x50</size>
         <input_file_ref idref="fl-1d"/>
      </object_component>
      <object_component id="oc-103">
         <name>.debug_line</name>
         <load_address>0x1829</load_address>
         <run_address>0x1829</run_address>
         <size>0x62</size>
         <input_file_ref idref="fl-1e"/>
      </object_component>
      <object_component id="oc-108">
         <name>.debug_line</name>
         <load_address>0x188b</load_address>
         <run_address>0x188b</run_address>
         <size>0x3e</size>
         <input_file_ref idref="fl-1f"/>
      </object_component>
      <object_component id="oc-10d">
         <name>.debug_line</name>
         <load_address>0x18c9</load_address>
         <run_address>0x18c9</run_address>
         <size>0x3a</size>
         <input_file_ref idref="fl-20"/>
      </object_component>
      <object_component id="oc-114">
         <name>.debug_line</name>
         <load_address>0x1903</load_address>
         <run_address>0x1903</run_address>
         <size>0x65</size>
         <input_file_ref idref="fl-21"/>
      </object_component>
      <object_component id="oc-119">
         <name>.debug_line</name>
         <load_address>0x1968</load_address>
         <run_address>0x1968</run_address>
         <size>0x5e</size>
         <input_file_ref idref="fl-22"/>
      </object_component>
      <object_component id="oc-11e">
         <name>.debug_line</name>
         <load_address>0x19c6</load_address>
         <run_address>0x19c6</run_address>
         <size>0x4f</size>
         <input_file_ref idref="fl-23"/>
      </object_component>
      <object_component id="oc-125">
         <name>.debug_line</name>
         <load_address>0x1a15</load_address>
         <run_address>0x1a15</run_address>
         <size>0x9d</size>
         <input_file_ref idref="fl-24"/>
      </object_component>
      <object_component id="oc-12a">
         <name>.debug_line</name>
         <load_address>0x1ab2</load_address>
         <run_address>0x1ab2</run_address>
         <size>0xb9</size>
         <input_file_ref idref="fl-25"/>
      </object_component>
      <object_component id="oc-133">
         <name>.debug_line</name>
         <load_address>0x1b6b</load_address>
         <run_address>0x1b6b</run_address>
         <size>0x43</size>
         <input_file_ref idref="fl-27"/>
      </object_component>
      <object_component id="oc-138">
         <name>.debug_line</name>
         <load_address>0x1bae</load_address>
         <run_address>0x1bae</run_address>
         <size>0x16b</size>
         <input_file_ref idref="fl-28"/>
      </object_component>
      <object_component id="oc-13d">
         <name>.debug_line</name>
         <load_address>0x1d19</load_address>
         <run_address>0x1d19</run_address>
         <size>0x8e</size>
         <input_file_ref idref="fl-29"/>
      </object_component>
      <object_component id="oc-142">
         <name>.debug_line</name>
         <load_address>0x1da7</load_address>
         <run_address>0x1da7</run_address>
         <size>0x6d</size>
         <input_file_ref idref="fl-2a"/>
      </object_component>
      <object_component id="oc-148">
         <name>.debug_line</name>
         <load_address>0x1e14</load_address>
         <run_address>0x1e14</run_address>
         <size>0xaa</size>
         <input_file_ref idref="fl-2b"/>
      </object_component>
      <object_component id="oc-14d">
         <name>.debug_line</name>
         <load_address>0x1ebe</load_address>
         <run_address>0x1ebe</run_address>
         <size>0x2b</size>
         <input_file_ref idref="fl-2c"/>
      </object_component>
      <object_component id="oc-152">
         <name>.debug_line</name>
         <load_address>0x1ee9</load_address>
         <run_address>0x1ee9</run_address>
         <size>0x8f</size>
         <input_file_ref idref="fl-2d"/>
      </object_component>
      <object_component id="oc-4e">
         <name>.debug_info</name>
         <load_address>0x0</load_address>
         <run_address>0x0</run_address>
         <size>0xe7</size>
         <input_file_ref idref="fl-2"/>
      </object_component>
      <object_component id="oc-54">
         <name>.debug_info</name>
         <load_address>0xe7</load_address>
         <run_address>0xe7</run_address>
         <size>0x11e</size>
         <input_file_ref idref="fl-3"/>
      </object_component>
      <object_component id="oc-57">
         <name>.debug_info</name>
         <load_address>0x205</load_address>
         <run_address>0x205</run_address>
         <size>0x1fd5</size>
         <input_file_ref idref="fl-4"/>
      </object_component>
      <object_component id="oc-5d">
         <name>.debug_info</name>
         <load_address>0x21da</load_address>
         <run_address>0x21da</run_address>
         <size>0x1321e</size>
         <input_file_ref idref="fl-5"/>
      </object_component>
      <object_component id="oc-90">
         <name>.debug_info</name>
         <load_address>0x153f8</load_address>
         <run_address>0x153f8</run_address>
         <size>0xfef</size>
         <input_file_ref idref="fl-6"/>
      </object_component>
      <object_component id="oc-95">
         <name>.debug_info</name>
         <load_address>0x163e7</load_address>
         <run_address>0x163e7</run_address>
         <size>0x2279</size>
         <input_file_ref idref="fl-7"/>
      </object_component>
      <object_component id="oc-9a">
         <name>.debug_info</name>
         <load_address>0x18660</load_address>
         <run_address>0x18660</run_address>
         <size>0x1cc8</size>
         <input_file_ref idref="fl-8"/>
      </object_component>
      <object_component id="oc-9f">
         <name>.debug_info</name>
         <load_address>0x1a328</load_address>
         <run_address>0x1a328</run_address>
         <size>0x1f1a</size>
         <input_file_ref idref="fl-9"/>
      </object_component>
      <object_component id="oc-a6">
         <name>.debug_info</name>
         <load_address>0x1c242</load_address>
         <run_address>0x1c242</run_address>
         <size>0xe7</size>
         <input_file_ref idref="fl-a"/>
      </object_component>
      <object_component id="oc-a9">
         <name>.debug_info</name>
         <load_address>0x1c329</load_address>
         <run_address>0x1c329</run_address>
         <size>0xfe6</size>
         <input_file_ref idref="fl-b"/>
      </object_component>
      <object_component id="oc-ae">
         <name>.debug_info</name>
         <load_address>0x1d30f</load_address>
         <run_address>0x1d30f</run_address>
         <size>0x1491</size>
         <input_file_ref idref="fl-c"/>
      </object_component>
      <object_component id="oc-b4">
         <name>.debug_info</name>
         <load_address>0x1e7a0</load_address>
         <run_address>0x1e7a0</run_address>
         <size>0x219e</size>
         <input_file_ref idref="fl-d"/>
      </object_component>
      <object_component id="oc-bb">
         <name>.debug_info</name>
         <load_address>0x2093e</load_address>
         <run_address>0x2093e</run_address>
         <size>0x28a3</size>
         <input_file_ref idref="fl-e"/>
      </object_component>
      <object_component id="oc-c2">
         <name>.debug_info</name>
         <load_address>0x231e1</load_address>
         <run_address>0x231e1</run_address>
         <size>0x1ec1</size>
         <input_file_ref idref="fl-f"/>
      </object_component>
      <object_component id="oc-c9">
         <name>.debug_info</name>
         <load_address>0x250a2</load_address>
         <run_address>0x250a2</run_address>
         <size>0x192f</size>
         <input_file_ref idref="fl-10"/>
      </object_component>
      <object_component id="oc-d1">
         <name>.debug_info</name>
         <load_address>0x269d1</load_address>
         <run_address>0x269d1</run_address>
         <size>0x28b1</size>
         <input_file_ref idref="fl-11"/>
      </object_component>
      <object_component id="oc-d8">
         <name>.debug_info</name>
         <load_address>0x29282</load_address>
         <run_address>0x29282</run_address>
         <size>0x16fa</size>
         <input_file_ref idref="fl-12"/>
      </object_component>
      <object_component id="oc-e0">
         <name>.debug_info</name>
         <load_address>0x2a97c</load_address>
         <run_address>0x2a97c</run_address>
         <size>0x1c4e</size>
         <input_file_ref idref="fl-13"/>
      </object_component>
      <object_component id="oc-e9">
         <name>.debug_info</name>
         <load_address>0x2c5ca</load_address>
         <run_address>0x2c5ca</run_address>
         <size>0x173</size>
         <input_file_ref idref="fl-19"/>
      </object_component>
      <object_component id="oc-ee">
         <name>.debug_info</name>
         <load_address>0x2c73d</load_address>
         <run_address>0x2c73d</run_address>
         <size>0x14e</size>
         <input_file_ref idref="fl-1a"/>
      </object_component>
      <object_component id="oc-f3">
         <name>.debug_info</name>
         <load_address>0x2c88b</load_address>
         <run_address>0x2c88b</run_address>
         <size>0x141</size>
         <input_file_ref idref="fl-1b"/>
      </object_component>
      <object_component id="oc-f8">
         <name>.debug_info</name>
         <load_address>0x2c9cc</load_address>
         <run_address>0x2c9cc</run_address>
         <size>0x141</size>
         <input_file_ref idref="fl-1c"/>
      </object_component>
      <object_component id="oc-fc">
         <name>.debug_info</name>
         <load_address>0x2cb0d</load_address>
         <run_address>0x2cb0d</run_address>
         <size>0x561</size>
         <input_file_ref idref="fl-1d"/>
      </object_component>
      <object_component id="oc-101">
         <name>.debug_info</name>
         <load_address>0x2d06e</load_address>
         <run_address>0x2d06e</run_address>
         <size>0x43a</size>
         <input_file_ref idref="fl-1e"/>
      </object_component>
      <object_component id="oc-106">
         <name>.debug_info</name>
         <load_address>0x2d4a8</load_address>
         <run_address>0x2d4a8</run_address>
         <size>0x3ad</size>
         <input_file_ref idref="fl-1f"/>
      </object_component>
      <object_component id="oc-10b">
         <name>.debug_info</name>
         <load_address>0x2d855</load_address>
         <run_address>0x2d855</run_address>
         <size>0x3aa</size>
         <input_file_ref idref="fl-20"/>
      </object_component>
      <object_component id="oc-110">
         <name>.debug_info</name>
         <load_address>0x2dbff</load_address>
         <run_address>0x2dbff</run_address>
         <size>0x544</size>
         <input_file_ref idref="fl-21"/>
      </object_component>
      <object_component id="oc-117">
         <name>.debug_info</name>
         <load_address>0x2e143</load_address>
         <run_address>0x2e143</run_address>
         <size>0x4cc</size>
         <input_file_ref idref="fl-22"/>
      </object_component>
      <object_component id="oc-11c">
         <name>.debug_info</name>
         <load_address>0x2e60f</load_address>
         <run_address>0x2e60f</run_address>
         <size>0x467</size>
         <input_file_ref idref="fl-23"/>
      </object_component>
      <object_component id="oc-121">
         <name>.debug_info</name>
         <load_address>0x2ea76</load_address>
         <run_address>0x2ea76</run_address>
         <size>0x69b</size>
         <input_file_ref idref="fl-24"/>
      </object_component>
      <object_component id="oc-128">
         <name>.debug_info</name>
         <load_address>0x2f111</load_address>
         <run_address>0x2f111</run_address>
         <size>0x779</size>
         <input_file_ref idref="fl-25"/>
      </object_component>
      <object_component id="oc-12d">
         <name>.debug_info</name>
         <load_address>0x2f88a</load_address>
         <run_address>0x2f88a</run_address>
         <size>0x24c</size>
         <input_file_ref idref="fl-26"/>
      </object_component>
      <object_component id="oc-131">
         <name>.debug_info</name>
         <load_address>0x2fad6</load_address>
         <run_address>0x2fad6</run_address>
         <size>0x447</size>
         <input_file_ref idref="fl-27"/>
      </object_component>
      <object_component id="oc-137">
         <name>.debug_info</name>
         <load_address>0x2ff1d</load_address>
         <run_address>0x2ff1d</run_address>
         <size>0x231</size>
         <input_file_ref idref="fl-28"/>
      </object_component>
      <object_component id="oc-13c">
         <name>.debug_info</name>
         <load_address>0x3014e</load_address>
         <run_address>0x3014e</run_address>
         <size>0x1a5</size>
         <input_file_ref idref="fl-29"/>
      </object_component>
      <object_component id="oc-140">
         <name>.debug_info</name>
         <load_address>0x302f3</load_address>
         <run_address>0x302f3</run_address>
         <size>0x5ba</size>
         <input_file_ref idref="fl-2a"/>
      </object_component>
      <object_component id="oc-145">
         <name>.debug_info</name>
         <load_address>0x308ad</load_address>
         <run_address>0x308ad</run_address>
         <size>0x590</size>
         <input_file_ref idref="fl-2b"/>
      </object_component>
      <object_component id="oc-14b">
         <name>.debug_info</name>
         <load_address>0x30e3d</load_address>
         <run_address>0x30e3d</run_address>
         <size>0x4c5</size>
         <input_file_ref idref="fl-2c"/>
      </object_component>
      <object_component id="oc-150">
         <name>.debug_info</name>
         <load_address>0x31302</load_address>
         <run_address>0x31302</run_address>
         <size>0x366</size>
         <input_file_ref idref="fl-2d"/>
      </object_component>
      <object_component id="oc-1da">
         <name>.debug_info</name>
         <load_address>0x31668</load_address>
         <run_address>0x31668</run_address>
         <size>0xa0</size>
      </object_component>
      <object_component id="oc-4f">
         <name>.debug_abbrev</name>
         <load_address>0x0</load_address>
         <run_address>0x0</run_address>
         <size>0x2f</size>
         <input_file_ref idref="fl-2"/>
      </object_component>
      <object_component id="oc-55">
         <name>.debug_abbrev</name>
         <load_address>0x2f</load_address>
         <run_address>0x2f</run_address>
         <size>0x21</size>
         <input_file_ref idref="fl-3"/>
      </object_component>
      <object_component id="oc-5b">
         <name>.debug_abbrev</name>
         <load_address>0x50</load_address>
         <run_address>0x50</run_address>
         <size>0xde</size>
         <input_file_ref idref="fl-4"/>
      </object_component>
      <object_component id="oc-8f">
         <name>.debug_abbrev</name>
         <load_address>0x12e</load_address>
         <run_address>0x12e</run_address>
         <size>0xb7</size>
         <input_file_ref idref="fl-5"/>
      </object_component>
      <object_component id="oc-93">
         <name>.debug_abbrev</name>
         <load_address>0x1e5</load_address>
         <run_address>0x1e5</run_address>
         <size>0xf6</size>
         <input_file_ref idref="fl-6"/>
      </object_component>
      <object_component id="oc-98">
         <name>.debug_abbrev</name>
         <load_address>0x2db</load_address>
         <run_address>0x2db</run_address>
         <size>0x116</size>
         <input_file_ref idref="fl-7"/>
      </object_component>
      <object_component id="oc-9d">
         <name>.debug_abbrev</name>
         <load_address>0x3f1</load_address>
         <run_address>0x3f1</run_address>
         <size>0xea</size>
         <input_file_ref idref="fl-8"/>
      </object_component>
      <object_component id="oc-a2">
         <name>.debug_abbrev</name>
         <load_address>0x4db</load_address>
         <run_address>0x4db</run_address>
         <size>0x17b</size>
         <input_file_ref idref="fl-9"/>
      </object_component>
      <object_component id="oc-a7">
         <name>.debug_abbrev</name>
         <load_address>0x656</load_address>
         <run_address>0x656</run_address>
         <size>0x2f</size>
         <input_file_ref idref="fl-a"/>
      </object_component>
      <object_component id="oc-ac">
         <name>.debug_abbrev</name>
         <load_address>0x685</load_address>
         <run_address>0x685</run_address>
         <size>0x106</size>
         <input_file_ref idref="fl-b"/>
      </object_component>
      <object_component id="oc-b2">
         <name>.debug_abbrev</name>
         <load_address>0x78b</load_address>
         <run_address>0x78b</run_address>
         <size>0x111</size>
         <input_file_ref idref="fl-c"/>
      </object_component>
      <object_component id="oc-b9">
         <name>.debug_abbrev</name>
         <load_address>0x89c</load_address>
         <run_address>0x89c</run_address>
         <size>0x148</size>
         <input_file_ref idref="fl-d"/>
      </object_component>
      <object_component id="oc-c0">
         <name>.debug_abbrev</name>
         <load_address>0x9e4</load_address>
         <run_address>0x9e4</run_address>
         <size>0x176</size>
         <input_file_ref idref="fl-e"/>
      </object_component>
      <object_component id="oc-c7">
         <name>.debug_abbrev</name>
         <load_address>0xb5a</load_address>
         <run_address>0xb5a</run_address>
         <size>0x116</size>
         <input_file_ref idref="fl-f"/>
      </object_component>
      <object_component id="oc-cf">
         <name>.debug_abbrev</name>
         <load_address>0xc70</load_address>
         <run_address>0xc70</run_address>
         <size>0x12c</size>
         <input_file_ref idref="fl-10"/>
      </object_component>
      <object_component id="oc-d6">
         <name>.debug_abbrev</name>
         <load_address>0xd9c</load_address>
         <run_address>0xd9c</run_address>
         <size>0x158</size>
         <input_file_ref idref="fl-11"/>
      </object_component>
      <object_component id="oc-de">
         <name>.debug_abbrev</name>
         <load_address>0xef4</load_address>
         <run_address>0xef4</run_address>
         <size>0x187</size>
         <input_file_ref idref="fl-12"/>
      </object_component>
      <object_component id="oc-e5">
         <name>.debug_abbrev</name>
         <load_address>0x107b</load_address>
         <run_address>0x107b</run_address>
         <size>0x192</size>
         <input_file_ref idref="fl-13"/>
      </object_component>
      <object_component id="oc-eb">
         <name>.debug_abbrev</name>
         <load_address>0x120d</load_address>
         <run_address>0x120d</run_address>
         <size>0x46</size>
         <input_file_ref idref="fl-19"/>
      </object_component>
      <object_component id="oc-f0">
         <name>.debug_abbrev</name>
         <load_address>0x1253</load_address>
         <run_address>0x1253</run_address>
         <size>0x38</size>
         <input_file_ref idref="fl-1a"/>
      </object_component>
      <object_component id="oc-f5">
         <name>.debug_abbrev</name>
         <load_address>0x128b</load_address>
         <run_address>0x128b</run_address>
         <size>0x38</size>
         <input_file_ref idref="fl-1b"/>
      </object_component>
      <object_component id="oc-fa">
         <name>.debug_abbrev</name>
         <load_address>0x12c3</load_address>
         <run_address>0x12c3</run_address>
         <size>0x38</size>
         <input_file_ref idref="fl-1c"/>
      </object_component>
      <object_component id="oc-ff">
         <name>.debug_abbrev</name>
         <load_address>0x12fb</load_address>
         <run_address>0x12fb</run_address>
         <size>0xe3</size>
         <input_file_ref idref="fl-1d"/>
      </object_component>
      <object_component id="oc-104">
         <name>.debug_abbrev</name>
         <load_address>0x13de</load_address>
         <run_address>0x13de</run_address>
         <size>0xa8</size>
         <input_file_ref idref="fl-1e"/>
      </object_component>
      <object_component id="oc-109">
         <name>.debug_abbrev</name>
         <load_address>0x1486</load_address>
         <run_address>0x1486</run_address>
         <size>0x68</size>
         <input_file_ref idref="fl-1f"/>
      </object_component>
      <object_component id="oc-10e">
         <name>.debug_abbrev</name>
         <load_address>0x14ee</load_address>
         <run_address>0x14ee</run_address>
         <size>0x66</size>
         <input_file_ref idref="fl-20"/>
      </object_component>
      <object_component id="oc-115">
         <name>.debug_abbrev</name>
         <load_address>0x1554</load_address>
         <run_address>0x1554</run_address>
         <size>0x130</size>
         <input_file_ref idref="fl-21"/>
      </object_component>
      <object_component id="oc-11a">
         <name>.debug_abbrev</name>
         <load_address>0x1684</load_address>
         <run_address>0x1684</run_address>
         <size>0xb2</size>
         <input_file_ref idref="fl-22"/>
      </object_component>
      <object_component id="oc-11f">
         <name>.debug_abbrev</name>
         <load_address>0x1736</load_address>
         <run_address>0x1736</run_address>
         <size>0xee</size>
         <input_file_ref idref="fl-23"/>
      </object_component>
      <object_component id="oc-126">
         <name>.debug_abbrev</name>
         <load_address>0x1824</load_address>
         <run_address>0x1824</run_address>
         <size>0x117</size>
         <input_file_ref idref="fl-24"/>
      </object_component>
      <object_component id="oc-12b">
         <name>.debug_abbrev</name>
         <load_address>0x193b</load_address>
         <run_address>0x193b</run_address>
         <size>0xfe</size>
         <input_file_ref idref="fl-25"/>
      </object_component>
      <object_component id="oc-130">
         <name>.debug_abbrev</name>
         <load_address>0x1a39</load_address>
         <run_address>0x1a39</run_address>
         <size>0x6b</size>
         <input_file_ref idref="fl-26"/>
      </object_component>
      <object_component id="oc-134">
         <name>.debug_abbrev</name>
         <load_address>0x1aa4</load_address>
         <run_address>0x1aa4</run_address>
         <size>0xc6</size>
         <input_file_ref idref="fl-27"/>
      </object_component>
      <object_component id="oc-139">
         <name>.debug_abbrev</name>
         <load_address>0x1b6a</load_address>
         <run_address>0x1b6a</run_address>
         <size>0x5f</size>
         <input_file_ref idref="fl-28"/>
      </object_component>
      <object_component id="oc-13e">
         <name>.debug_abbrev</name>
         <load_address>0x1bc9</load_address>
         <run_address>0x1bc9</run_address>
         <size>0x38</size>
         <input_file_ref idref="fl-29"/>
      </object_component>
      <object_component id="oc-143">
         <name>.debug_abbrev</name>
         <load_address>0x1c01</load_address>
         <run_address>0x1c01</run_address>
         <size>0xf9</size>
         <input_file_ref idref="fl-2a"/>
      </object_component>
      <object_component id="oc-149">
         <name>.debug_abbrev</name>
         <load_address>0x1cfa</load_address>
         <run_address>0x1cfa</run_address>
         <size>0xc6</size>
         <input_file_ref idref="fl-2b"/>
      </object_component>
      <object_component id="oc-14e">
         <name>.debug_abbrev</name>
         <load_address>0x1dc0</load_address>
         <run_address>0x1dc0</run_address>
         <size>0x129</size>
         <input_file_ref idref="fl-2c"/>
      </object_component>
      <object_component id="oc-153">
         <name>.debug_abbrev</name>
         <load_address>0x1ee9</load_address>
         <run_address>0x1ee9</run_address>
         <size>0xa8</size>
         <input_file_ref idref="fl-2d"/>
      </object_component>
      <object_component id="oc-1db">
         <name>.debug_abbrev</name>
         <load_address>0x1f91</load_address>
         <run_address>0x1f91</run_address>
         <size>0xf</size>
      </object_component>
      <object_component id="oc-50">
         <name>.debug_aranges</name>
         <load_address>0x0</load_address>
         <run_address>0x0</run_address>
         <size>0x20</size>
         <input_file_ref idref="fl-2"/>
      </object_component>
      <object_component id="oc-56">
         <name>.debug_aranges</name>
         <load_address>0x20</load_address>
         <run_address>0x20</run_address>
         <size>0x28</size>
         <input_file_ref idref="fl-3"/>
      </object_component>
      <object_component id="oc-5c">
         <name>.debug_aranges</name>
         <load_address>0x48</load_address>
         <run_address>0x48</run_address>
         <size>0x290</size>
         <input_file_ref idref="fl-4"/>
      </object_component>
      <object_component id="oc-94">
         <name>.debug_aranges</name>
         <load_address>0x2d8</load_address>
         <run_address>0x2d8</run_address>
         <size>0x28</size>
         <input_file_ref idref="fl-6"/>
      </object_component>
      <object_component id="oc-99">
         <name>.debug_aranges</name>
         <load_address>0x300</load_address>
         <run_address>0x300</run_address>
         <size>0x20</size>
         <input_file_ref idref="fl-7"/>
      </object_component>
      <object_component id="oc-9e">
         <name>.debug_aranges</name>
         <load_address>0x320</load_address>
         <run_address>0x320</run_address>
         <size>0x38</size>
         <input_file_ref idref="fl-8"/>
      </object_component>
      <object_component id="oc-a3">
         <name>.debug_aranges</name>
         <load_address>0x358</load_address>
         <run_address>0x358</run_address>
         <size>0x48</size>
         <input_file_ref idref="fl-9"/>
      </object_component>
      <object_component id="oc-a8">
         <name>.debug_aranges</name>
         <load_address>0x3a0</load_address>
         <run_address>0x3a0</run_address>
         <size>0x20</size>
         <input_file_ref idref="fl-a"/>
      </object_component>
      <object_component id="oc-ad">
         <name>.debug_aranges</name>
         <load_address>0x3c0</load_address>
         <run_address>0x3c0</run_address>
         <size>0x28</size>
         <input_file_ref idref="fl-b"/>
      </object_component>
      <object_component id="oc-b3">
         <name>.debug_aranges</name>
         <load_address>0x3e8</load_address>
         <run_address>0x3e8</run_address>
         <size>0x28</size>
         <input_file_ref idref="fl-c"/>
      </object_component>
      <object_component id="oc-ba">
         <name>.debug_aranges</name>
         <load_address>0x410</load_address>
         <run_address>0x410</run_address>
         <size>0x50</size>
         <input_file_ref idref="fl-d"/>
      </object_component>
      <object_component id="oc-c1">
         <name>.debug_aranges</name>
         <load_address>0x460</load_address>
         <run_address>0x460</run_address>
         <size>0x90</size>
         <input_file_ref idref="fl-e"/>
      </object_component>
      <object_component id="oc-c8">
         <name>.debug_aranges</name>
         <load_address>0x4f0</load_address>
         <run_address>0x4f0</run_address>
         <size>0x30</size>
         <input_file_ref idref="fl-f"/>
      </object_component>
      <object_component id="oc-d0">
         <name>.debug_aranges</name>
         <load_address>0x520</load_address>
         <run_address>0x520</run_address>
         <size>0x60</size>
         <input_file_ref idref="fl-10"/>
      </object_component>
      <object_component id="oc-d7">
         <name>.debug_aranges</name>
         <load_address>0x580</load_address>
         <run_address>0x580</run_address>
         <size>0x58</size>
         <input_file_ref idref="fl-11"/>
      </object_component>
      <object_component id="oc-df">
         <name>.debug_aranges</name>
         <load_address>0x5d8</load_address>
         <run_address>0x5d8</run_address>
         <size>0x50</size>
         <input_file_ref idref="fl-12"/>
      </object_component>
      <object_component id="oc-e6">
         <name>.debug_aranges</name>
         <load_address>0x628</load_address>
         <run_address>0x628</run_address>
         <size>0x30</size>
         <input_file_ref idref="fl-13"/>
      </object_component>
      <object_component id="oc-ec">
         <name>.debug_aranges</name>
         <load_address>0x658</load_address>
         <run_address>0x658</run_address>
         <size>0x20</size>
         <input_file_ref idref="fl-19"/>
      </object_component>
      <object_component id="oc-f1">
         <name>.debug_aranges</name>
         <load_address>0x678</load_address>
         <run_address>0x678</run_address>
         <size>0x28</size>
         <input_file_ref idref="fl-1a"/>
      </object_component>
      <object_component id="oc-f6">
         <name>.debug_aranges</name>
         <load_address>0x6a0</load_address>
         <run_address>0x6a0</run_address>
         <size>0x28</size>
         <input_file_ref idref="fl-1b"/>
      </object_component>
      <object_component id="oc-fb">
         <name>.debug_aranges</name>
         <load_address>0x6c8</load_address>
         <run_address>0x6c8</run_address>
         <size>0x28</size>
         <input_file_ref idref="fl-1c"/>
      </object_component>
      <object_component id="oc-100">
         <name>.debug_aranges</name>
         <load_address>0x6f0</load_address>
         <run_address>0x6f0</run_address>
         <size>0x20</size>
         <input_file_ref idref="fl-1d"/>
      </object_component>
      <object_component id="oc-105">
         <name>.debug_aranges</name>
         <load_address>0x710</load_address>
         <run_address>0x710</run_address>
         <size>0x20</size>
         <input_file_ref idref="fl-1e"/>
      </object_component>
      <object_component id="oc-10a">
         <name>.debug_aranges</name>
         <load_address>0x730</load_address>
         <run_address>0x730</run_address>
         <size>0x20</size>
         <input_file_ref idref="fl-1f"/>
      </object_component>
      <object_component id="oc-10f">
         <name>.debug_aranges</name>
         <load_address>0x750</load_address>
         <run_address>0x750</run_address>
[...]
      <symbol id="sm-2df">
         <name>_CpuTimer0</name>
         <value>0xc000</value>
         <object_component_ref idref="oc-af"/>
      </symbol>
      <symbol id="sm-2e0">
         <name>_CpuTimer1</name>
         <value>0xc008</value>
         <object_component_ref idref="oc-af"/>
      </symbol>
      <symbol id="sm-2e1">
         <name>_InitCpuTimers</name>
         <value>0xdde</value>
         <object_component_ref idref="oc-170"/>
      </symbol>
      <symbol id="sm-2e3">
         <name>_ConfigCpuTimer</name>
         <value>0xe23</value>
         <object_component_ref idref="oc-170"/>
      </symbol>
      <symbol id="sm-30f">
         <name>_key_GetDoubleNum</name>
         <value>0xd7f</value>
         <object_component_ref idref="oc-15e"/>
      </symbol>
      <symbol id="sm-311">
         <name>_long_press</name>
         <value>0xc041</value>
         <object_component_ref idref="oc-b6"/>
      </symbol>
      <symbol id="sm-312">
         <name>_Key_Tick</name>
         <value>0xda5</value>
         <object_component_ref idref="oc-15e"/>
      </symbol>
      <symbol id="sm-314">
         <name>_key_GetLongNum</name>
         <value>0xd74</value>
         <object_component_ref idref="oc-15e"/>
      </symbol>
      <symbol id="sm-316">
         <name>_key_init</name>
         <value>0xd53</value>
         <object_component_ref idref="oc-15e"/>
      </symbol>
      <symbol id="sm-318">
         <name>_key_GetNum</name>
         <value>0xd69</value>
         <object_component_ref idref="oc-15e"/>
      </symbol>
      <symbol id="sm-31a">
         <name>_key_GetTimeDoubleNum</name>
         <value>0xd9a</value>
         <object_component_ref idref="oc-15e"/>
      </symbol>
      <symbol id="sm-31c">
         <name>_double_cnt</name>
         <value>0xc043</value>
         <object_component_ref idref="oc-b6"/>
      </symbol>
      <symbol id="sm-31d">
         <name>_double_press</name>
         <value>0xc042</value>
         <object_component_ref idref="oc-b6"/>
      </symbol>
      <symbol id="sm-31e">
         <name>_key_num</name>
         <value>0xc040</value>
         <object_component_ref idref="oc-b6"/>
      </symbol>
      <symbol id="sm-31f">
         <name>_Key_GetState</name>
         <value>0xd61</value>
         <object_component_ref idref="oc-15e"/>
      </symbol>
      <symbol id="sm-36a">
         <name>_key_value</name>
         <value>0xc050</value>
         <object_component_ref idref="oc-bd"/>
      </symbol>
      <symbol id="sm-36b">
         <name>_Board_GetState</name>
         <value>0x326</value>
         <object_component_ref idref="oc-15f"/>
      </symbol>
      <symbol id="sm-36d">
         <name>_SelectDigitalLed</name>
         <value>0x4f0</value>
         <object_component_ref idref="oc-15f"/>
      </symbol>
      <symbol id="sm-36f">
         <name>_Initled_choose</name>
         <value>0x4c3</value>
         <object_component_ref idref="oc-15f"/>
      </symbol>
      <symbol id="sm-371">
         <name>_key_GetKeyBoardNum</name>
         <value>0x33a</value>
         <object_component_ref idref="oc-15f"/>
      </symbol>
      <symbol id="sm-373">
         <name>_KeyBoard_Tick</name>
         <value>0x345</value>
         <object_component_ref idref="oc-15f"/>
      </symbol>
      <symbol id="sm-375">
         <name>_keyboard_init</name>
         <value>0x461</value>
         <object_component_ref idref="oc-15f"/>
      </symbol>
      <symbol id="sm-377">
         <name>_keypress</name>
         <value>0xc04d</value>
         <object_component_ref idref="oc-bd"/>
      </symbol>
      <symbol id="sm-378">
         <name>_Setkeybord</name>
         <value>0x319</value>
         <object_component_ref idref="oc-15f"/>
      </symbol>
      <symbol id="sm-37a">
         <name>_InsertArray1</name>
         <value>0x522</value>
         <object_component_ref idref="oc-15f"/>
      </symbol>
      <symbol id="sm-37c">
         <name>_keyboard_num</name>
         <value>0xc04b</value>
         <object_component_ref idref="oc-bd"/>
      </symbol>
      <symbol id="sm-37d">
         <name>_InitXintf16Gpio</name>
         <value>0x3ad</value>
         <object_component_ref idref="oc-15f"/>
      </symbol>
      <symbol id="sm-37f">
         <name>_WriteLED</name>
         <value>0x469</value>
         <object_component_ref idref="oc-15f"/>
      </symbol>
      <symbol id="sm-381">
         <name>_WriteLEDs</name>
         <value>0x492</value>
         <object_component_ref idref="oc-15f"/>
      </symbol>
      <symbol id="sm-383">
         <name>_Init_Digital</name>
         <value>0x4b9</value>
         <object_component_ref idref="oc-15f"/>
      </symbol>
      <symbol id="sm-385">
         <name>_keyboard_scan_lie</name>
         <value>0x359</value>
         <object_component_ref idref="oc-15f"/>
      </symbol>
      <symbol id="sm-387">
         <name>_configtestled</name>
         <value>0x407</value>
         <object_component_ref idref="oc-15f"/>
      </symbol>
      <symbol id="sm-389">
         <name>_motor_state</name>
         <value>0xc051</value>
         <object_component_ref idref="oc-bd"/>
      </symbol>
      <symbol id="sm-38a">
         <name>_InsertArray</name>
         <value>0x509</value>
         <object_component_ref idref="oc-15f"/>
      </symbol>
      <symbol id="sm-38c">
         <name>_keyx</name>
         <value>0xc04e</value>
         <object_component_ref idref="oc-bd"/>
      </symbol>
      <symbol id="sm-38d">
         <name>_keyy</name>
         <value>0xc04f</value>
         <object_component_ref idref="oc-bd"/>
      </symbol>
      <symbol id="sm-38e">
         <name>_count</name>
         <value>0xc04c</value>
         <object_component_ref idref="oc-bd"/>
      </symbol>
      <symbol id="sm-38f">
         <name>_led_choose</name>
         <value>0xc038</value>
         <object_component_ref idref="oc-164"/>
      </symbol>
      <symbol id="sm-390">
         <name>_LedCode</name>
         <value>0xc018</value>
         <object_component_ref idref="oc-168"/>
      </symbol>
      <symbol id="sm-3a6">
         <name>_writeLEDData</name>
         <value>0x107c</value>
         <object_component_ref idref="oc-16f"/>
      </symbol>
      <symbol id="sm-3a8">
         <name>_InitLEDGPIO</name>
         <value>0x104e</value>
         <object_component_ref idref="oc-16f"/>
      </symbol>
      <symbol id="sm-3aa">
         <name>_UpdateLEDs</name>
         <value>0x1060</value>
         <object_component_ref idref="oc-16f"/>
      </symbol>
      <symbol id="sm-3ac">
         <name>_ButtonPressCount</name>
         <value>0xc088</value>
         <object_component_ref idref="oc-c4"/>
      </symbol>
      <symbol id="sm-3bf">
         <name>_ErrorCount</name>
         <value>0xc08a</value>
         <object_component_ref idref="oc-cb"/>
      </symbol>
      <symbol id="sm-3c0">
         <name>_ScicRxFifoIsr</name>
         <value>0x109e</value>
         <object_component_ref idref="oc-cc"/>
      </symbol>
      <symbol id="sm-3c2">
         <name>_error</name>
         <value>0xf4c</value>
         <object_component_ref idref="oc-15a"/>
      </symbol>
      <symbol id="sm-3c4">
         <name>_scib_xmit</name>
         <value>0xf6b</value>
         <object_component_ref idref="oc-15a"/>
      </symbol>
      <symbol id="sm-3c6">
         <name>_scic_xmit</name>
         <value>0xf94</value>
         <object_component_ref idref="oc-15a"/>
      </symbol>
      <symbol id="sm-3c8">
         <name>_ScicTxFifoIsr</name>
         <value>0x10ab</value>
         <object_component_ref idref="oc-cc"/>
      </symbol>
      <symbol id="sm-3ca">
         <name>_ReceivedChar</name>
         <value>0xc08b</value>
         <object_component_ref idref="oc-cb"/>
      </symbol>
      <symbol id="sm-3cb">
         <name>_scib_loopback_init</name>
         <value>0xf56</value>
         <object_component_ref idref="oc-15a"/>
      </symbol>
      <symbol id="sm-3cd">
         <name>_scic_loopback_init</name>
         <value>0xf7f</value>
         <object_component_ref idref="oc-15a"/>
      </symbol>
      <symbol id="sm-3cf">
         <name>_scib_fifo_init</name>
         <value>0xf73</value>
         <object_component_ref idref="oc-15a"/>
      </symbol>
      <symbol id="sm-3d1">
         <name>_scic_fifo_init</name>
         <value>0xf9c</value>
         <object_component_ref idref="oc-15a"/>
      </symbol>
      <symbol id="sm-3f7">
         <name>_StepMotorForward</name>
         <value>0x719</value>
         <object_component_ref idref="oc-16e"/>
      </symbol>
      <symbol id="sm-3f9">
         <name>_MotorTest</name>
         <value>0x757</value>
         <object_component_ref idref="oc-16e"/>
      </symbol>
      <symbol id="sm-3fb">
         <name>_StepMotor</name>
         <value>0x7ba</value>
         <object_component_ref idref="oc-16e"/>
      </symbol>
      <symbol id="sm-3fd">
         <name>_InitMotor</name>
         <value>0x754</value>
         <object_component_ref idref="oc-16e"/>
      </symbol>
      <symbol id="sm-3ff">
         <name>_StepMotorBackward</name>
         <value>0x73a</value>
         <object_component_ref idref="oc-16e"/>
      </symbol>
      <symbol id="sm-401">
         <name>_InitXINT1</name>
         <value>0x6e3</value>
         <object_component_ref idref="oc-16e"/>
      </symbol>
      <symbol id="sm-403">
         <name>_Forward</name>
         <value>0xc076</value>
         <object_component_ref idref="oc-179"/>
      </symbol>
      <symbol id="sm-404">
         <name>_StepForward</name>
         <value>0x6fb</value>
         <object_component_ref idref="oc-16e"/>
      </symbol>
      <symbol id="sm-406">
         <name>_p</name>
         <value>0xc07c</value>
         <object_component_ref idref="oc-d3"/>
      </symbol>
      <symbol id="sm-407">
         <name>_Backward</name>
         <value>0xc072</value>
         <object_component_ref idref="oc-17b"/>
      </symbol>
      <symbol id="sm-408">
         <name>_InitMotorGPIO</name>
         <value>0x6cd</value>
         <object_component_ref idref="oc-16e"/>
      </symbol>
      <symbol id="sm-439">
         <name>_UpdateTime</name>
         <value>0x9df</value>
         <object_component_ref idref="oc-15d"/>
      </symbol>
      <symbol id="sm-43b">
         <name>_TimeSelect</name>
         <value>0xa55</value>
         <object_component_ref idref="oc-15d"/>
      </symbol>
      <symbol id="sm-43d">
         <name>_Time1Tick</name>
         <value>0xaa5</value>
         <object_component_ref idref="oc-15d"/>
      </symbol>
      <symbol id="sm-43f">
         <name>_cpu_timer1_isr</name>
         <value>0xed8</value>
         <object_component_ref idref="oc-db"/>
      </symbol>
      <symbol id="sm-441">
         <name>_ShowDigitalNum</name>
         <value>0xa13</value>
         <object_component_ref idref="oc-15d"/>
      </symbol>
      <symbol id="sm-443">
         <name>_cpu_timer0_isr</name>
         <value>0xf14</value>
         <object_component_ref idref="oc-db"/>
      </symbol>
      <symbol id="sm-445">
         <name>_mytime</name>
         <value>0xc080</value>
         <object_component_ref idref="oc-15b"/>
      </symbol>
      <symbol id="sm-446">
         <name>_GetTime</name>
         <value>0xac6</value>
         <object_component_ref idref="oc-15d"/>
      </symbol>
      <symbol id="sm-461">
         <name>_main</name>
         <value>0xccc</value>
         <object_component_ref idref="oc-161"/>
      </symbol>
      <symbol id="sm-463">
         <name>_Flag</name>
         <value>0xc07f</value>
         <object_component_ref idref="oc-e1"/>
      </symbol>
      <symbol id="sm-464">
         <name>_XINT1_ISR</name>
         <value>0x121a</value>
         <object_component_ref idref="oc-e2"/>
      </symbol>
      <symbol id="sm-466">
         <name>_HardwareInit</name>
         <value>0xcbf</value>
         <object_component_ref idref="oc-161"/>
      </symbol>
      <symbol id="sm-468">
         <name>_Count</name>
         <value>0xc07e</value>
         <object_component_ref idref="oc-e1"/>
      </symbol>
      <symbol id="sm-483">
         <name>_c_int00</name>
         <value>0xfa8</value>
         <object_component_ref idref="oc-4b"/>
      </symbol>
      <symbol id="sm-484">
         <name>__stack</name>
         <value>0x400</value>
         <object_component_ref idref="oc-e7"/>
      </symbol>
      <symbol id="sm-492">
         <name>ULL$$CMP</name>
         <value>0x11df</value>
         <object_component_ref idref="oc-ed"/>
      </symbol>
      <symbol id="sm-493">
         <name>LL$$CMP</name>
         <value>0x11cd</value>
         <object_component_ref idref="oc-ed"/>
      </symbol>
      <symbol id="sm-4a1">
         <name>I$$MOD</name>
         <value>0x119c</value>
         <object_component_ref idref="oc-f2"/>
      </symbol>
      <symbol id="sm-4a2">
         <name>I$$DIV</name>
         <value>0x118b</value>
         <object_component_ref idref="oc-f2"/>
      </symbol>
      <symbol id="sm-4ae">
         <name>U$$MOD</name>
         <value>0x1237</value>
         <object_component_ref idref="oc-f7"/>
      </symbol>
      <symbol id="sm-4af">
         <name>U$$DIV</name>
         <value>0x1232</value>
         <object_component_ref idref="oc-f7"/>
      </symbol>
      <symbol id="sm-4be">
         <name>_copy_in</name>
         <value>0x1167</value>
         <object_component_ref idref="oc-156"/>
      </symbol>
      <symbol id="sm-4d0">
         <name>_memcpy</name>
         <value>0x11eb</value>
         <object_component_ref idref="oc-160"/>
      </symbol>
      <symbol id="sm-4dd">
         <name>__system_pre_init</name>
         <value>0x124e</value>
         <object_component_ref idref="oc-155"/>
      </symbol>
      <symbol id="sm-4eb">
         <name>__system_post_cinit</name>
         <value>0x1250</value>
         <object_component_ref idref="oc-157"/>
      </symbol>
      <symbol id="sm-500">
         <name>C$$EXIT</name>
         <value>0x113e</value>
         <object_component_ref idref="oc-159"/>
      </symbol>
      <symbol id="sm-501">
         <name>_exit</name>
         <value>0x1140</value>
         <object_component_ref idref="oc-159"/>
      </symbol>
      <symbol id="sm-503">
         <name>___TI_cleanup_ptr</name>
         <value>0xc068</value>
         <object_component_ref idref="oc-112"/>
      </symbol>
      <symbol id="sm-504">
         <name>___TI_enable_exit_profile_output</name>
         <value>0xc066</value>
         <object_component_ref idref="oc-112"/>
      </symbol>
      <symbol id="sm-505">
         <name>_abort</name>
         <value>0x113e</value>
         <object_component_ref idref="oc-159"/>
      </symbol>
      <symbol id="sm-507">
         <name>___TI_dtors_ptr</name>
         <value>0xc06a</value>
         <object_component_ref idref="oc-112"/>
      </symbol>
      <symbol id="sm-51b">
         <name>__unlock</name>
         <value>0xc086</value>
         <object_component_ref idref="oc-17e"/>
      </symbol>
      <symbol id="sm-51c">
         <name>__lock</name>
         <value>0xc084</value>
         <object_component_ref idref="oc-162"/>
      </symbol>
      <symbol id="sm-51d">
         <name>__register_lock</name>
         <value>0x1241</value>
         <object_component_ref idref="oc-175"/>
      </symbol>
      <symbol id="sm-51f">
         <name>__nop</name>
         <value>0x1245</value>
         <object_component_ref idref="oc-175"/>
      </symbol>
      <symbol id="sm-521">
         <name>__register_unlock</name>
         <value>0x123d</value>
         <object_component_ref idref="oc-175"/>
      </symbol>
      <symbol id="sm-531">
         <name>__args_main</name>
         <value>0x1208</value>
         <object_component_ref idref="oc-158"/>
      </symbol>
      <symbol id="sm-551">
         <name>_localtime</name>
         <value>0xad5</value>
         <object_component_ref idref="oc-167"/>
      </symbol>
      <symbol id="sm-552">
         <name>___localtime32</name>
         <value>0xad5</value>
         <object_component_ref idref="oc-167"/>
      </symbol>
      <symbol id="sm-580">
         <name>_mktime</name>
         <value>0x543</value>
         <object_component_ref idref="oc-178"/>
      </symbol>
      <symbol id="sm-581">
         <name>___mktime32</name>
         <value>0x543</value>
         <object_component_ref idref="oc-178"/>
      </symbol>
      <symbol id="sm-58d">
         <name>__tz</name>
         <value>0xc02c</value>
         <object_component_ref idref="oc-12f"/>
      </symbol>
      <symbol id="sm-59a">
         <name>___time32</name>
         <value>0x1227</value>
         <object_component_ref idref="oc-166"/>
      </symbol>
      <symbol id="sm-59c">
         <name>_time</name>
         <value>0x1227</value>
         <object_component_ref idref="oc-166"/>
      </symbol>
      <symbol id="sm-5c8">
         <name>ULL$$MOD</name>
         <value>0x886</value>
         <object_component_ref idref="oc-136"/>
      </symbol>
      <symbol id="sm-5c9">
         <name>ULL$$DIV</name>
         <value>0x857</value>
         <object_component_ref idref="oc-136"/>
      </symbol>
      <symbol id="sm-5ca">
         <name>LL$$MOD</name>
         <value>0x81d</value>
         <object_component_ref idref="oc-136"/>
      </symbol>
      <symbol id="sm-5cb">
         <name>LL$$DIV</name>
         <value>0x7e1</value>
         <object_component_ref idref="oc-136"/>
      </symbol>
      <symbol id="sm-5d7">
         <name>UL$$MOD</name>
         <value>0x1138</value>
         <object_component_ref idref="oc-13b"/>
      </symbol>
      <symbol id="sm-5d8">
         <name>L$$MOD</name>
         <value>0x1123</value>
         <object_component_ref idref="oc-13b"/>
      </symbol>
      <symbol id="sm-5d9">
         <name>L$$DIV</name>
         <value>0x1114</value>
         <object_component_ref idref="oc-13b"/>
      </symbol>
      <symbol id="sm-5da">
         <name>UL$$DIV</name>
         <value>0x1131</value>
         <object_component_ref idref="oc-13b"/>
      </symbol>
      <symbol id="sm-5e6">
         <name>_HOSTtime</name>
         <value>0xea2</value>
         <object_component_ref idref="oc-177"/>
      </symbol>
      <symbol id="sm-5e8">
         <name>_HOSTtime64</name>
         <value>0xe5d</value>
         <object_component_ref idref="oc-177"/>
      </symbol>
      <symbol id="sm-602">
         <name>___TI_readmsg</name>
         <value>0xbee</value>
         <object_component_ref idref="oc-180"/>
      </symbol>
      <symbol id="sm-604">
         <name>C$$IO$$</name>
         <value>0xbe9</value>
         <object_component_ref idref="oc-180"/>
      </symbol>
      <symbol id="sm-605">
         <name>__CIOBUF_</name>
         <value>0x600</value>
         <object_component_ref idref="oc-146"/>
      </symbol>
      <symbol id="sm-606">
         <name>___TI_writemsg</name>
         <value>0xb96</value>
         <object_component_ref idref="oc-180"/>
      </symbol>
      <symbol id="sm-613">
         <name>_parmbuf</name>
         <value>0xc05e</value>
         <object_component_ref idref="oc-17f"/>
      </symbol>
   </symbol_table>
   <title>Link errors: red sections failed placement,available memory ranges in purple</title>
</link_info>
