******************************************************************************
             TMS320C2000 Linker PC v22.6.0                     
******************************************************************************
>> Linked Mon May 12 11:33:40 2025

OUTPUT FILE NAME:   <Example_2833xScia_FFDLB.out>
ENTRY POINT SYMBOL: "_c_int00"  address: 00000fa8


MEMORY CONFIGURATION

         name            origin    length      used     unused   attr    fill
----------------------  --------  ---------  --------  --------  ----  --------
PAGE 0:
  BEGIN                 00000000   00000002  00000002  00000000  RWIX
  BOOT_RSVD             00000002   0000004e  00000000  0000004e  RWIX
  RAMM0                 00000050   000003b0  00000000  000003b0  RWIX
  RAML0                 00008000   00001000  000000b9  00000f47  RWIX
  RAML1                 00009000   00001000  00000000  00001000  RWIX
  RAML2                 0000a000   00001000  00000000  00001000  RWIX
  RAML3                 0000b000   00001000  00000000  00001000  RWIX
  ZONE6A                00100000   0000fc00  00000000  0000fc00  RWIX
  CSM_RSVD              0033ff80   00000076  00000000  00000076  RWIX
  CSM_PWL               0033fff8   00000008  00000000  00000008  RWIX
  ADC_CAL               00380080   00000009  00000007  00000002  RWIX
  IQTABLES              003fe000   00000b50  00000000  00000b50  RWIX
  IQTABLES2             003feb50   0000008c  00000000  0000008c  RWIX
  FPUTABLES             003febdc   000006a0  00000000  000006a0  RWIX
  BOOTROM               003ff27c   00000d44  00000000  00000d44  RWIX
  RESET                 003fffc0   00000002  00000000  00000002  RWIX

PAGE 1:
  RAMM1                 00000400   00000400  00000320  000000e0  RWIX
  DEV_EMU               00000880   00000180  000000d0  000000b0  RWIX
  FLASH_REGS            00000a80   00000060  00000008  00000058  RWIX
  CSM                   00000ae0   00000010  00000010  00000000  RWIX
  ADC_MIRROR            00000b00   00000010  00000010  00000000  RWIX
  XINTF                 00000b20   00000020  0000001e  00000002  RWIX
  CPU_TIMER0            00000c00   00000008  00000008  00000000  RWIX
  CPU_TIMER1            00000c08   00000008  00000008  00000000  RWIX
  CPU_TIMER2            00000c10   00000008  00000008  00000000  RWIX
  PIE_CTRL              00000ce0   00000020  0000001a  00000006  RWIX
  PIE_VECT              00000d00   00000100  00000100  00000000  RWIX
  DMA                   00001000   00000200  000000e0  00000120  RWIX
  MCBSPA                00005000   00000040  00000025  0000001b  RWIX
  MCBSPB                00005040   00000040  00000025  0000001b  RWIX
  ECANA                 00006000   00000040  00000034  0000000c  RWIX
  ECANA_LAM             00006040   00000040  00000040  00000000  RWIX
  ECANA_MOTS            00006080   00000040  00000040  00000000  RWIX
  ECANA_MOTO            000060c0   00000040  00000040  00000000  RWIX
  ECANA_MBOX            00006100   00000100  00000100  00000000  RWIX
  ECANB                 00006200   00000040  00000034  0000000c  RWIX
  ECANB_LAM             00006240   00000040  00000040  00000000  RWIX
  ECANB_MOTS            00006280   00000040  00000040  00000000  RWIX
  ECANB_MOTO            000062c0   00000040  00000040  00000000  RWIX
  ECANB_MBOX            00006300   00000100  00000100  00000000  RWIX
  EPWM1                 00006800   00000022  00000022  00000000  RWIX
  EPWM2                 00006840   00000022  00000022  00000000  RWIX
  EPWM3                 00006880   00000022  00000022  00000000  RWIX
  EPWM4                 000068c0   00000022  00000022  00000000  RWIX
  EPWM5                 00006900   00000022  00000022  00000000  RWIX
  EPWM6                 00006940   00000022  00000022  00000000  RWIX
  ECAP1                 00006a00   00000020  00000020  00000000  RWIX
  ECAP2                 00006a20   00000020  00000020  00000000  RWIX
  ECAP3                 00006a40   00000020  00000020  00000000  RWIX
  ECAP4                 00006a60   00000020  00000020  00000000  RWIX
  ECAP5                 00006a80   00000020  00000020  00000000  RWIX
  ECAP6                 00006aa0   00000020  00000020  00000000  RWIX
  EQEP1                 00006b00   00000040  00000040  00000000  RWIX
  EQEP2                 00006b40   00000040  00000040  00000000  RWIX
  GPIOCTRL              00006f80   00000040  0000002e  00000012  RWIX
  GPIODAT               00006fc0   00000020  00000020  00000000  RWIX
  GPIOINT               00006fe0   00000020  0000000a  00000016  RWIX
  SYSTEM                00007010   00000020  00000020  00000000  RWIX
  SPIA                  00007040   00000010  00000010  00000000  RWIX
  SCIA                  00007050   00000010  00000010  00000000  RWIX
  XINTRUPT              00007070   00000010  00000010  00000000  RWIX
  ADC                   00007100   00000020  0000001e  00000002  RWIX
  SCIB                  00007750   00000010  00000010  00000000  RWIX
  SCIC                  00007770   00000010  00000010  00000000  RWIX
  I2CA                  00007900   00000040  00000022  0000001e  RWIX
  RAML4                 0000c000   00001000  0000008c  00000f74  RWIX
  RAML5                 0000d000   00001000  00000132  00000ece  RWIX
  RAML6                 0000e000   00001000  00000000  00001000  RWIX
  RAML7                 0000f000   00001000  00000000  00001000  RWIX
  ZONE6B                0010fc00   00000400  00000000  00000400  RWIX
  CSM_PWL               0033fff8   00000008  00000008  00000000  RWIX


SECTION ALLOCATION MAP

 output                                  attributes/
section   page    origin      length       input sections
--------  ----  ----------  ----------   ----------------
codestart 
*          0    00000000    00000002     
                  00000000    00000002     DSP2833x_CodeStartBranch.obj (codestart)

.text      0    00000000    00001251     FAILED TO ALLOCATE
.cinit     0    00008000    000000b5     
                  00008000    00000028     key.obj (.cinit)
                  00008028    00000017     keyboard.obj (.cinit:_LedCode)
                  0000803f    00000014     keyboard.obj (.cinit)
                  00008053    0000000f     rts2800_fpu32.lib : tmzone.c.obj (.cinit)
                  00008062    0000000e                       : exit.c.obj (.cinit)
                  00008070    0000000b     keyboard.obj (.cinit:_led_choose)
                  0000807b    00000009     step_motor.obj (.cinit)
                  00008084    00000007     step_motor.obj (.cinit:_Backward)
                  0000808b    00000007     step_motor.obj (.cinit:_Forward)
                  00008092    00000006     timer.obj (.cinit:_mytime)
                  00008098    00000005     rts2800_fpu32.lib : _lock.c.obj (.cinit:__lock)
                  0000809d    00000005                       : _lock.c.obj (.cinit:__unlock)
                  000080a2    00000005     led.obj (.cinit)
                  000080a7    00000004     rts2800_fpu32.lib : localtim.c.obj (.cinit)
                  000080ab    00000004     scic.obj (.cinit)
                  000080af    00000004     timer.obj (.cinit)
                  000080b3    00000002     --HOLE-- [fill = 0]

ramfuncs   0    000080b5    00000004     
                  000080b5    00000004     DSP2833x_usDelay.obj (ramfuncs)

.pinit     0    00008000    00000000     UNINITIALIZED

.stack     1    00000400    00000200     UNINITIALIZED
                  00000400    00000200     --HOLE--

DevEmuRegsFile 
*          1    00000880    000000d0     UNINITIALIZED
                  00000880    000000d0     DSP2833x_GlobalVariableDefs.obj (DevEmuRegsFile)

FlashRegsFile 
*          1    00000a80    00000008     UNINITIALIZED
                  00000a80    00000008     DSP2833x_GlobalVariableDefs.obj (FlashRegsFile)

CsmRegsFile 
*          1    00000ae0    00000010     UNINITIALIZED
                  00000ae0    00000010     DSP2833x_GlobalVariableDefs.obj (CsmRegsFile)

AdcMirrorFile 
*          1    00000b00    00000010     UNINITIALIZED
                  00000b00    00000010     DSP2833x_GlobalVariableDefs.obj (AdcMirrorFile)

XintfRegsFile 
*          1    00000b20    0000001e     UNINITIALIZED
                  00000b20    0000001e     DSP2833x_GlobalVariableDefs.obj (XintfRegsFile)

CpuTimer0RegsFile 
*          1    00000c00    00000008     UNINITIALIZED
                  00000c00    00000008     DSP2833x_GlobalVariableDefs.obj (CpuTimer0RegsFile)

CpuTimer1RegsFile 
*          1    00000c08    00000008     UNINITIALIZED
                  00000c08    00000008     DSP2833x_GlobalVariableDefs.obj (CpuTimer1RegsFile)

CpuTimer2RegsFile 
*          1    00000c10    00000008     UNINITIALIZED
                  00000c10    00000008     DSP2833x_GlobalVariableDefs.obj (CpuTimer2RegsFile)

PieCtrlRegsFile 
*          1    00000ce0    0000001a     UNINITIALIZED
                  00000ce0    0000001a     DSP2833x_GlobalVariableDefs.obj (PieCtrlRegsFile)

ECanaMOTSRegsFile 
*          1    00006080    00000040     UNINITIALIZED
                  00006080    00000040     DSP2833x_GlobalVariableDefs.obj (ECanaMOTSRegsFile)

ECanaMOTORegsFile 
*          1    000060c0    00000040     UNINITIALIZED
                  000060c0    00000040     DSP2833x_GlobalVariableDefs.obj (ECanaMOTORegsFile)

ECanbMOTSRegsFile 
*          1    00006280    00000040     UNINITIALIZED
                  00006280    00000040     DSP2833x_GlobalVariableDefs.obj (ECanbMOTSRegsFile)

ECanbMOTORegsFile 
*          1    000062c0    00000040     UNINITIALIZED
                  000062c0    00000040     DSP2833x_GlobalVariableDefs.obj (ECanbMOTORegsFile)

.ebss      1    0000c000    0000008c     UNINITIALIZED
                  0000c000    00000018     DSP2833x_CpuTimers.obj (.ebss)
                  0000c018    00000014     keyboard.obj (.ebss:_LedCode)
                  0000c02c    0000000c     rts2800_fpu32.lib : tmzone.c.obj (.ebss)
                  0000c038    00000008     keyboard.obj (.ebss:_led_choose)
                  0000c040    0000000b     key.obj (.ebss)
                  0000c04b    0000000a     keyboard.obj (.ebss)
                  0000c055    00000009     rts2800_fpu32.lib : localtim.c.obj (.ebss)
                  0000c05e    00000008                       : hostopen.c.obj (.ebss:_parmbuf)
                  0000c066    00000006                       : exit.c.obj (.ebss)
                  0000c06c    00000006     timer.obj (.ebss)
                  0000c072    00000004     step_motor.obj (.ebss:_Backward)
                  0000c076    00000004     step_motor.obj (.ebss:_Forward)
                  0000c07a    00000004     step_motor.obj (.ebss)
                  0000c07e    00000002     Example_2833xScia_FFDLB.obj (.ebss)
                  0000c080    00000003     timer.obj (.ebss:_mytime)
                  0000c083    00000001     --HOLE--
                  0000c084    00000002     rts2800_fpu32.lib : _lock.c.obj (.ebss:__lock)
                  0000c086    00000002                       : _lock.c.obj (.ebss:__unlock)
                  0000c088    00000002     led.obj (.ebss)
                  0000c08a    00000002     scic.obj (.ebss)

.econst    1    0000d000    00000132     
                  0000d000    00000100     DSP2833x_PieVect.obj (.econst:_PieVectTableInit)
                  0000d100    0000000c     rts2800_fpu32.lib : mktime.c.obj (.econst:_mon_day)
                  0000d10c    0000000c                       : mktime.c.obj (.econst:_mon_len)
                  0000d118    0000000a     keyboard.obj (.econst:_$P$T0$4)
                  0000d122    00000008     keyboard.obj (.econst:_$P$T1$5)
                  0000d12a    00000008     keyboard.obj (.econst:_$P$T2$6)

.reset     0    003fffc0    00000002     DSECT
                  003fffc0    00000002     rts2800_fpu32.lib : boot28.asm.obj (.reset)

csm_rsvd   0    0033ff80    00000000     DSECT

csmpasswds 
*          0    0033fff8    00000000     DSECT

.adc_cal   0    00380080    00000007     NOLOAD SECTION
                  00380080    00000007     DSP2833x_ADC_cal.obj (.adc_cal)

PieVectTableFile 
*          1    00000d00    00000100     UNINITIALIZED
                  00000d00    00000100     DSP2833x_GlobalVariableDefs.obj (PieVectTableFile)

DmaRegsFile 
*          1    00001000    000000e0     UNINITIALIZED
                  00001000    000000e0     DSP2833x_GlobalVariableDefs.obj (DmaRegsFile)

McbspaRegsFile 
*          1    00005000    00000025     UNINITIALIZED
                  00005000    00000025     DSP2833x_GlobalVariableDefs.obj (McbspaRegsFile)

McbspbRegsFile 
*          1    00005040    00000025     UNINITIALIZED
                  00005040    00000025     DSP2833x_GlobalVariableDefs.obj (McbspbRegsFile)

ECanaRegsFile 
*          1    00006000    00000034     UNINITIALIZED
                  00006000    00000034     DSP2833x_GlobalVariableDefs.obj (ECanaRegsFile)

ECanaLAMRegsFile 
*          1    00006040    00000040     UNINITIALIZED
                  00006040    00000040     DSP2833x_GlobalVariableDefs.obj (ECanaLAMRegsFile)

ECanaMboxesFile 
*          1    00006100    00000100     UNINITIALIZED
                  00006100    00000100     DSP2833x_GlobalVariableDefs.obj (ECanaMboxesFile)

ECanbRegsFile 
*          1    00006200    00000034     UNINITIALIZED
                  00006200    00000034     DSP2833x_GlobalVariableDefs.obj (ECanbRegsFile)

ECanbLAMRegsFile 
*          1    00006240    00000040     UNINITIALIZED
                  00006240    00000040     DSP2833x_GlobalVariableDefs.obj (ECanbLAMRegsFile)

ECanbMboxesFile 
*          1    00006300    00000100     UNINITIALIZED
                  00006300    00000100     DSP2833x_GlobalVariableDefs.obj (ECanbMboxesFile)

EPwm1RegsFile 
*          1    00006800    00000022     UNINITIALIZED
                  00006800    00000022     DSP2833x_GlobalVariableDefs.obj (EPwm1RegsFile)

EPwm2RegsFile 
*          1    00006840    00000022     UNINITIALIZED
                  00006840    00000022     DSP2833x_GlobalVariableDefs.obj (EPwm2RegsFile)

EPwm3RegsFile 
*          1    00006880    00000022     UNINITIALIZED
                  00006880    00000022     DSP2833x_GlobalVariableDefs.obj (EPwm3RegsFile)

EPwm4RegsFile 
*          1    000068c0    00000022     UNINITIALIZED
                  000068c0    00000022     DSP2833x_GlobalVariableDefs.obj (EPwm4RegsFile)

EPwm5RegsFile 
*          1    00006900    00000022     UNINITIALIZED
                  00006900    00000022     DSP2833x_GlobalVariableDefs.obj (EPwm5RegsFile)

EPwm6RegsFile 
*          1    00006940    00000022     UNINITIALIZED
                  00006940    00000022     DSP2833x_GlobalVariableDefs.obj (EPwm6RegsFile)

ECap1RegsFile 
*          1    00006a00    00000020     UNINITIALIZED
                  00006a00    00000020     DSP2833x_GlobalVariableDefs.obj (ECap1RegsFile)

ECap2RegsFile 
*          1    00006a20    00000020     UNINITIALIZED
                  00006a20    00000020     DSP2833x_GlobalVariableDefs.obj (ECap2RegsFile)

ECap3RegsFile 
*          1    00006a40    00000020     UNINITIALIZED
                  00006a40    00000020     DSP2833x_GlobalVariableDefs.obj (ECap3RegsFile)

ECap4RegsFile 
*          1    00006a60    00000020     UNINITIALIZED
                  00006a60    00000020     DSP2833x_GlobalVariableDefs.obj (ECap4RegsFile)

ECap5RegsFile 
*          1    00006a80    00000020     UNINITIALIZED
                  00006a80    00000020     DSP2833x_GlobalVariableDefs.obj (ECap5RegsFile)

ECap6RegsFile 
*          1    00006aa0    00000020     UNINITIALIZED
                  00006aa0    00000020     DSP2833x_GlobalVariableDefs.obj (ECap6RegsFile)

EQep1RegsFile 
*          1    00006b00    00000040     UNINITIALIZED
                  00006b00    00000040     DSP2833x_GlobalVariableDefs.obj (EQep1RegsFile)

EQep2RegsFile 
*          1    00006b40    00000040     UNINITIALIZED
                  00006b40    00000040     DSP2833x_GlobalVariableDefs.obj (EQep2RegsFile)

GpioCtrlRegsFile 
*          1    00006f80    0000002e     UNINITIALIZED
                  00006f80    0000002e     DSP2833x_GlobalVariableDefs.obj (GpioCtrlRegsFile)

GpioDataRegsFile 
*          1    00006fc0    00000020     UNINITIALIZED
                  00006fc0    00000020     DSP2833x_GlobalVariableDefs.obj (GpioDataRegsFile)

GpioIntRegsFile 
*          1    00006fe0    0000000a     UNINITIALIZED
                  00006fe0    0000000a     DSP2833x_GlobalVariableDefs.obj (GpioIntRegsFile)

SysCtrlRegsFile 
*          1    00007010    00000020     UNINITIALIZED
                  00007010    00000020     DSP2833x_GlobalVariableDefs.obj (SysCtrlRegsFile)

SpiaRegsFile 
*          1    00007040    00000010     UNINITIALIZED
                  00007040    00000010     DSP2833x_GlobalVariableDefs.obj (SpiaRegsFile)

SciaRegsFile 
*          1    00007050    00000010     UNINITIALIZED
                  00007050    00000010     DSP2833x_GlobalVariableDefs.obj (SciaRegsFile)

XIntruptRegsFile 
*          1    00007070    00000010     UNINITIALIZED
                  00007070    00000010     DSP2833x_GlobalVariableDefs.obj (XIntruptRegsFile)

AdcRegsFile 
*          1    00007100    0000001e     UNINITIALIZED
                  00007100    0000001e     DSP2833x_GlobalVariableDefs.obj (AdcRegsFile)

ScibRegsFile 
*          1    00007750    00000010     UNINITIALIZED
                  00007750    00000010     DSP2833x_GlobalVariableDefs.obj (ScibRegsFile)

ScicRegsFile 
*          1    00007770    00000010     UNINITIALIZED
                  00007770    00000010     DSP2833x_GlobalVariableDefs.obj (ScicRegsFile)

I2caRegsFile 
*          1    00007900    00000022     UNINITIALIZED
                  00007900    00000022     DSP2833x_GlobalVariableDefs.obj (I2caRegsFile)

CsmPwlFile 
*          1    0033fff8    00000008     UNINITIALIZED
                  0033fff8    00000008     DSP2833x_GlobalVariableDefs.obj (CsmPwlFile)

.cio       1    00000600    00000120     UNINITIALIZED
                  00000600    00000120     rts2800_fpu32.lib : trgmsg.c.obj (.cio)

MODULE SUMMARY

       Module                            code   initialized data   uninitialized data
       ------                            ----   ----------------   ------------------
    .\
       DSP2833x_GlobalVariableDefs.obj   0      0                  2678              
       DSP2833x_PieVect.obj              0      256                0                 
       DSP2833x_ADC_cal.obj              7      0                  0                 
       DSP2833x_usDelay.obj              4      0                  0                 
       DSP2833x_CodeStartBranch.obj      2      0                  0                 
    +--+---------------------------------+------+------------------+--------------------+
       Total:                            13     256                2678              
                                                                                     
    .\Hardware\SRC\
       keyboard.obj                      0      80                 38                
       key.obj                           0      40                 11                
       step_motor.obj                    0      23                 12                
       DSP2833x_CpuTimers.obj            0      0                  24                
       timer.obj                         0      10                 9                 
       led.obj                           0      5                  2                 
       scic.obj                          0      4                  2                 
    +--+---------------------------------+------+------------------+--------------------+
       Total:                            0      162                98                
                                                                                     
    .\User\
       Example_2833xScia_FFDLB.obj       0      0                  2                 
    +--+---------------------------------+------+------------------+--------------------+
       Total:                            0      0                  2                 
                                                                                     
    D:/CCS/ccs/ccs/tools/compiler/ti-cgt-c2000_22.6.0.LTS/lib/rts2800_fpu32.lib
       trgmsg.c.obj                      0      0                  288               
       tmzone.c.obj                      0      15                 12                
       mktime.c.obj                      0      24                 0                 
       exit.c.obj                        0      14                 6                 
       _lock.c.obj                       0      10                 4                 
       localtim.c.obj                    0      4                  9                 
       hostopen.c.obj                    0      0                  8                 
    +--+---------------------------------+------+------------------+--------------------+
       Total:                            0      67                 327               
                                                                                     
       Stack:                            0      0                  512               
    +--+---------------------------------+------+------------------+--------------------+
       Grand Total:                      13     485                3617              


GLOBAL DATA SYMBOLS: SORTED BY DATA PAGE

address     data page           name
--------    ----------------    ----
00000400      10 (00000400)     __stack

00000600      18 (00000600)     __CIOBUF_

00000880      22 (00000880)     _DevEmuRegs

00000a80      2a (00000a80)     _FlashRegs

00000ae0      2b (00000ac0)     _CsmRegs

00000b00      2c (00000b00)     _AdcMirror
00000b20      2c (00000b00)     _XintfRegs

00000c00      30 (00000c00)     _CpuTimer0Regs
00000c08      30 (00000c00)     _CpuTimer1Regs
00000c10      30 (00000c00)     _CpuTimer2Regs

00000ce0      33 (00000cc0)     _PieCtrlRegs

00000d00      34 (00000d00)     _PieVectTable

00001000      40 (00001000)     _DmaRegs

00005000     140 (00005000)     _McbspaRegs

00005040     141 (00005040)     _McbspbRegs

00006000     180 (00006000)     _ECanaRegs

00006040     181 (00006040)     _ECanaLAMRegs

00006080     182 (00006080)     _ECanaMOTSRegs

000060c0     183 (000060c0)     _ECanaMOTORegs

00006100     184 (00006100)     _ECanaMboxes

00006200     188 (00006200)     _ECanbRegs

00006240     189 (00006240)     _ECanbLAMRegs

00006280     18a (00006280)     _ECanbMOTSRegs

000062c0     18b (000062c0)     _ECanbMOTORegs

00006300     18c (00006300)     _ECanbMboxes

00006800     1a0 (00006800)     _EPwm1Regs

00006840     1a1 (00006840)     _EPwm2Regs

00006880     1a2 (00006880)     _EPwm3Regs

000068c0     1a3 (000068c0)     _EPwm4Regs

00006900     1a4 (00006900)     _EPwm5Regs

00006940     1a5 (00006940)     _EPwm6Regs

00006a00     1a8 (00006a00)     _ECap1Regs
00006a20     1a8 (00006a00)     _ECap2Regs

00006a40     1a9 (00006a40)     _ECap3Regs
00006a60     1a9 (00006a40)     _ECap4Regs

00006a80     1aa (00006a80)     _ECap5Regs
00006aa0     1aa (00006a80)     _ECap6Regs

00006b00     1ac (00006b00)     _EQep1Regs

00006b40     1ad (00006b40)     _EQep2Regs

00006f80     1be (00006f80)     _GpioCtrlRegs

00006fc0     1bf (00006fc0)     _GpioDataRegs
00006fe0     1bf (00006fc0)     _GpioIntRegs

00007010     1c0 (00007000)     _SysCtrlRegs

00007040     1c1 (00007040)     _SpiaRegs
00007050     1c1 (00007040)     _SciaRegs
00007070     1c1 (00007040)     _XIntruptRegs

00007100     1c4 (00007100)     _AdcRegs

00007750     1dd (00007740)     _ScibRegs
00007770     1dd (00007740)     _ScicRegs

00007900     1e4 (00007900)     _I2caRegs

0000c000     300 (0000c000)     _CpuTimer0
0000c008     300 (0000c000)     _CpuTimer1
0000c010     300 (0000c000)     _CpuTimer2
0000c018     300 (0000c000)     _LedCode
0000c02c     300 (0000c000)     __tz
0000c038     300 (0000c000)     _led_choose

0000c040     301 (0000c040)     _key_num
0000c041     301 (0000c040)     _long_press
0000c042     301 (0000c040)     _double_press
0000c043     301 (0000c040)     _double_cnt
0000c04b     301 (0000c040)     _keyboard_num
0000c04c     301 (0000c040)     _count
0000c04d     301 (0000c040)     _keypress
0000c04e     301 (0000c040)     _keyx
0000c04f     301 (0000c040)     _keyy
0000c050     301 (0000c040)     _key_value
0000c051     301 (0000c040)     _motor_state
0000c05e     301 (0000c040)     _parmbuf
0000c066     301 (0000c040)     ___TI_enable_exit_profile_output
0000c068     301 (0000c040)     ___TI_cleanup_ptr
0000c06a     301 (0000c040)     ___TI_dtors_ptr
0000c072     301 (0000c040)     _Backward
0000c076     301 (0000c040)     _Forward
0000c07c     301 (0000c040)     _p
0000c07e     301 (0000c040)     _Count
0000c07f     301 (0000c040)     _Flag

0000c080     302 (0000c080)     _mytime
0000c084     302 (0000c080)     __lock
0000c086     302 (0000c080)     __unlock
0000c088     302 (0000c080)     _ButtonPressCount
0000c08a     302 (0000c080)     _ErrorCount
0000c08b     302 (0000c080)     _ReceivedChar

0000d000     340 (0000d000)     _PieVectTableInit

0033fff8    cfff (0033ffc0)     _CsmPwl


GLOBAL SYMBOLS: SORTED ALPHABETICALLY BY Name 

page  address   name                            
----  -------   ----                            
0     00000000  .text                           
0     0000113e  C$$EXIT                         
0     00000be9  C$$IO$$                         
0     0000118b  I$$DIV                          
0     0000119c  I$$MOD                          
0     00001114  L$$DIV                          
0     00001123  L$$MOD                          
0     000011cd  LL$$CMP                         
0     000007e1  LL$$DIV                         
0     0000081d  LL$$MOD                         
0     00001232  U$$DIV                          
0     00001237  U$$MOD                          
0     00001131  UL$$DIV                         
0     00001138  UL$$MOD                         
0     000011df  ULL$$CMP                        
0     00000857  ULL$$DIV                        
0     00000886  ULL$$MOD                        
0     000000dc  _ADCINT_ISR                     
0     00380080  _ADC_cal                        
1     00000b00  _AdcMirror                      
1     00007100  _AdcRegs                        
1     0000c072  _Backward                       
0     00000326  _Board_GetState                 
1     0000c088  _ButtonPressCount               
0     00000e23  _ConfigCpuTimer                 
1     0000c07e  _Count                          
1     0000c000  _CpuTimer0                      
1     00000c00  _CpuTimer0Regs                  
1     0000c008  _CpuTimer1                      
1     00000c08  _CpuTimer1Regs                  
1     0000c010  _CpuTimer2                      
1     00000c10  _CpuTimer2Regs                  
1     0033fff8  _CsmPwl                         
1     00000ae0  _CsmRegs                        
0     000009ae  _CsmUnlock                      
0     00000014  _DATALOG_ISR                    
0     00000c2b  _DC_Moter                       
0     000001fe  _DINTCH1_ISR                    
0     00000208  _DINTCH2_ISR                    
0     00000212  _DINTCH3_ISR                    
0     0000021c  _DINTCH4_ISR                    
0     00000226  _DINTCH5_ISR                    
0     00000230  _DINTCH6_ISR                    
0     000080b5  _DSP28x_usDelay                 
1     00000880  _DevEmuRegs                     
0     000008fb  _DisableDog                     
1     00001000  _DmaRegs                        
0     0000028a  _ECAN0INTA_ISR                  
0     0000029e  _ECAN0INTB_ISR                  
0     00000294  _ECAN1INTA_ISR                  
0     000002a8  _ECAN1INTB_ISR                  
0     00000172  _ECAP1_INT_ISR                  
0     0000017c  _ECAP2_INT_ISR                  
0     00000186  _ECAP3_INT_ISR                  
0     00000190  _ECAP4_INT_ISR                  
0     0000019a  _ECAP5_INT_ISR                  
0     000001a4  _ECAP6_INT_ISR                  
1     00006040  _ECanaLAMRegs                   
1     000060c0  _ECanaMOTORegs                  
1     00006080  _ECanaMOTSRegs                  
1     00006100  _ECanaMboxes                    
1     00006000  _ECanaRegs                      
1     00006240  _ECanbLAMRegs                   
1     000062c0  _ECanbMOTORegs                  
1     00006280  _ECanbMOTSRegs                  
1     00006300  _ECanbMboxes                    
1     00006200  _ECanbRegs                      
1     00006a00  _ECap1Regs                      
1     00006a20  _ECap2Regs                      
1     00006a40  _ECap3Regs                      
1     00006a60  _ECap4Regs                      
1     00006a80  _ECap5Regs                      
1     00006aa0  _ECap6Regs                      
0     000002f8  _EMPTY_ISR                      
0     00000028  _EMUINT_ISR                     
0     00000136  _EPWM1_INT_ISR                  
0     000000fa  _EPWM1_TZINT_ISR                
0     00000140  _EPWM2_INT_ISR                  
0     00000104  _EPWM2_TZINT_ISR                
0     0000014a  _EPWM3_INT_ISR                  
0     0000010e  _EPWM3_TZINT_ISR                
0     00000154  _EPWM4_INT_ISR                  
0     00000118  _EPWM4_TZINT_ISR                
0     0000015e  _EPWM5_INT_ISR                  
0     00000122  _EPWM5_TZINT_ISR                
0     00000168  _EPWM6_INT_ISR                  
0     0000012c  _EPWM6_TZINT_ISR                
1     00006800  _EPwm1Regs                      
1     00006840  _EPwm2Regs                      
1     00006880  _EPwm3Regs                      
1     000068c0  _EPwm4Regs                      
1     00006900  _EPwm5Regs                      
1     00006940  _EPwm6Regs                      
0     000001ae  _EQEP1_INT_ISR                  
0     000001b8  _EQEP2_INT_ISR                  
1     00006b00  _EQep1Regs                      
1     00006b40  _EQep2Regs                      
0     0000101d  _EnableInterrupts               
1     0000c08a  _ErrorCount                     
1     0000c07f  _Flag                           
1     00000a80  _FlashRegs                      
1     0000c076  _Forward                        
0     00000ac6  _GetTime                        
1     00006f80  _GpioCtrlRegs                   
1     00006fc0  _GpioDataRegs                   
1     00006fe0  _GpioIntRegs                    
0     00000ea2  _HOSTtime                       
0     00000e5d  _HOSTtime64                     
0     00000cbf  _HardwareInit                   
0     0000023a  _I2CINT1A_ISR                   
0     00000244  _I2CINT2A_ISR                   
1     00007900  _I2caRegs                       
0     0000003c  _ILLEGAL_ISR                    
0     00000000  _INT13_ISR                      
0     0000000a  _INT14_ISR                      
0     00000dde  _InitCpuTimers                  
0     0000104e  _InitLEDGPIO                    
0     00000754  _InitMotor                      
0     000006cd  _InitMotorGPIO                  
0     00000953  _InitPeripheralClocks           
0     00000ffe  _InitPieCtrl                    
0     000011ad  _InitPieVectTable               
0     00000903  _InitPll                        
0     000010e4  _InitSci                        
0     000010e5  _InitSciGpio                    
0     000010e8  _InitSciaGpio                   
0     000010fe  _InitScicGpio                   
0     000008e8  _InitSysCtrl                    
0     000006e3  _InitXINT1                      
0     000003ad  _InitXintf16Gpio                
0     000004b9  _Init_Digital                   
0     000004c3  _Initled_choose                 
0     00000509  _InsertArray                    
0     00000522  _InsertArray1                   
0     00000345  _KeyBoard_Tick                  
0     00000d61  _Key_GetState                   
0     00000da5  _Key_Tick                       
0     000002ee  _LUF_ISR                        
0     000002e4  _LVF_ISR                        
1     0000c018  _LedCode                        
0     000001ea  _MRINTA_ISR                     
0     000001d6  _MRINTB_ISR                     
0     000001f4  _MXINTA_ISR                     
0     000001e0  _MXINTB_ISR                     
1     00005000  _McbspaRegs                     
1     00005040  _McbspbRegs                     
0     00000757  _MotorTest                      
0     00000032  _NMI_ISR                        
0     00000305  _PIE_RESERVED                   
1     00000ce0  _PieCtrlRegs                    
1     00000d00  _PieVectTable                   
1     0000d000  _PieVectTableInit               
0     0000001e  _RTOSINT_ISR                    
1     0000c08b  _ReceivedChar                   
0     00000262  _SCIRXINTA_ISR                  
0     00000276  _SCIRXINTB_ISR                  
0     0000024e  _SCIRXINTC_ISR                  
0     0000026c  _SCITXINTA_ISR                  
0     00000280  _SCITXINTB_ISR                  
0     00000258  _SCITXINTC_ISR                  
0     000000be  _SEQ1INT_ISR                    
0     000000c8  _SEQ2INT_ISR                    
0     000001c2  _SPIRXINTA_ISR                  
0     000001cc  _SPITXINTA_ISR                  
1     00007050  _SciaRegs                       
1     00007750  _ScibRegs                       
1     00007770  _ScicRegs                       
0     0000109e  _ScicRxFifoIsr                  
0     000010ab  _ScicTxFifoIsr                  
0     000004f0  _SelectDigitalLed               
0     000008f1  _ServiceDog                     
0     00000319  _Setkeybord                     
0     00000a13  _ShowDigitalNum                 
1     00007040  _SpiaRegs                       
0     000006fb  _StepForward                    
0     000007ba  _StepMotor                      
0     0000073a  _StepMotorBackward              
0     00000719  _StepMotorForward               
1     00007010  _SysCtrlRegs                    
0     000000e6  _TINT0_ISR                      
0     00000aa5  _Time1Tick                      
0     00000a55  _TimeSelect                     
0     000000a0  _USER10_ISR                     
0     000000aa  _USER11_ISR                     
0     000000b4  _USER12_ISR                     
0     00000046  _USER1_ISR                      
0     00000050  _USER2_ISR                      
0     0000005a  _USER3_ISR                      
0     00000064  _USER4_ISR                      
0     0000006e  _USER5_ISR                      
0     00000078  _USER6_ISR                      
0     00000082  _USER7_ISR                      
0     0000008c  _USER8_ISR                      
0     00000096  _USER9_ISR                      
0     00001060  _UpdateLEDs                     
0     000009df  _UpdateTime                     
0     000000f0  _WAKEINT_ISR                    
0     00000469  _WriteLED                       
0     00000492  _WriteLEDs                      
0     0000121a  _XINT1_ISR                      
0     000000d2  _XINT2_ISR                      
0     000002b2  _XINT3_ISR                      
0     000002bc  _XINT4_ISR                      
0     000002c6  _XINT5_ISR                      
0     000002d0  _XINT6_ISR                      
0     000002da  _XINT7_ISR                      
1     00007070  _XIntruptRegs                   
1     00000b20  _XintfRegs                      
1     00000600  __CIOBUF_                       
1     00000600  __STACK_END                     
abs   00000200  __STACK_SIZE                    
1     0000c068  ___TI_cleanup_ptr               
1     0000c06a  ___TI_dtors_ptr                 
1     0000c066  ___TI_enable_exit_profile_output
abs   ffffffff  ___TI_pprof_out_hndl            
abs   ffffffff  ___TI_prof_data_size            
abs   ffffffff  ___TI_prof_data_start           
0     00000bee  ___TI_readmsg                   
0     00000b96  ___TI_writemsg                  
abs   ffffffff  ___binit__                      
abs   ffffffff  ___c_args__                     
0     00008000  ___cinit__                      
0     00001251  ___etext__                      
0     00000ad5  ___localtime32                  
0     00000543  ___mktime32                     
abs   ffffffff  ___pinit__                      
0     00000000  ___text__                       
0     00001227  ___time32                       
0     00001208  __args_main                     
1     0000c084  __lock                          
0     00001245  __nop                           
0     00001241  __register_lock                 
0     0000123d  __register_unlock               
1     00000400  __stack                         
0     00001250  __system_post_cinit             
0     0000124e  __system_pre_init               
1     0000c02c  __tz                            
1     0000c086  __unlock                        
0     0000113e  _abort                          
0     00000fa8  _c_int00                        
0     00000407  _configtestled                  
0     00000c76  _control_motor                  
0     00001167  _copy_in                        
1     0000c04c  _count                          
0     00000f14  _cpu_timer0_isr                 
0     00000ed8  _cpu_timer1_isr                 
1     0000c043  _double_cnt                     
1     0000c042  _double_press                   
0     00000f4c  _error                          
0     00001140  _exit                           
0     00000d7f  _key_GetDoubleNum               
0     0000033a  _key_GetKeyBoardNum             
0     00000d74  _key_GetLongNum                 
0     00000d69  _key_GetNum                     
0     00000d9a  _key_GetTimeDoubleNum           
0     00000d53  _key_init                       
1     0000c040  _key_num                        
1     0000c050  _key_value                      
0     00000461  _keyboard_init                  
1     0000c04b  _keyboard_num                   
0     00000359  _keyboard_scan_lie              
1     0000c04d  _keypress                       
1     0000c04e  _keyx                           
1     0000c04f  _keyy                           
1     0000c038  _led_choose                     
0     00000ad5  _localtime                      
1     0000c041  _long_press                     
0     00000ccc  _main                           
0     000011eb  _memcpy                         
0     00000543  _mktime                         
1     0000c051  _motor_state                    
1     0000c080  _mytime                         
1     0000c07c  _p                              
1     0000c05e  _parmbuf                        
0     0000030f  _rsvd_ISR                       
0     00000f73  _scib_fifo_init                 
0     00000f56  _scib_loopback_init             
0     00000f6b  _scib_xmit                      
0     00000f9c  _scic_fifo_init                 
0     00000f7f  _scic_loopback_init             
0     00000f94  _scic_xmit                      
0     00001227  _time                           
0     0000107c  _writeLEDData                   
abs   ffffffff  binit                           
0     00008000  cinit                           
0     00000000  code_start                      
0     00001251  etext                           
abs   ffffffff  pinit                           


GLOBAL SYMBOLS: SORTED BY Symbol Address 

page  address   name                            
----  -------   ----                            
0     00000000  .text                           
0     00000000  _INT13_ISR                      
0     00000000  ___text__                       
0     00000000  code_start                      
0     0000000a  _INT14_ISR                      
0     00000014  _DATALOG_ISR                    
0     0000001e  _RTOSINT_ISR                    
0     00000028  _EMUINT_ISR                     
0     00000032  _NMI_ISR                        
0     0000003c  _ILLEGAL_ISR                    
0     00000046  _USER1_ISR                      
0     00000050  _USER2_ISR                      
0     0000005a  _USER3_ISR                      
0     00000064  _USER4_ISR                      
0     0000006e  _USER5_ISR                      
0     00000078  _USER6_ISR                      
0     00000082  _USER7_ISR                      
0     0000008c  _USER8_ISR                      
0     00000096  _USER9_ISR                      
0     000000a0  _USER10_ISR                     
0     000000aa  _USER11_ISR                     
0     000000b4  _USER12_ISR                     
0     000000be  _SEQ1INT_ISR                    
0     000000c8  _SEQ2INT_ISR                    
0     000000d2  _XINT2_ISR                      
0     000000dc  _ADCINT_ISR                     
0     000000e6  _TINT0_ISR                      
0     000000f0  _WAKEINT_ISR                    
0     000000fa  _EPWM1_TZINT_ISR                
0     00000104  _EPWM2_TZINT_ISR                
0     0000010e  _EPWM3_TZINT_ISR                
0     00000118  _EPWM4_TZINT_ISR                
0     00000122  _EPWM5_TZINT_ISR                
0     0000012c  _EPWM6_TZINT_ISR                
0     00000136  _EPWM1_INT_ISR                  
0     00000140  _EPWM2_INT_ISR                  
0     0000014a  _EPWM3_INT_ISR                  
0     00000154  _EPWM4_INT_ISR                  
0     0000015e  _EPWM5_INT_ISR                  
0     00000168  _EPWM6_INT_ISR                  
0     00000172  _ECAP1_INT_ISR                  
0     0000017c  _ECAP2_INT_ISR                  
0     00000186  _ECAP3_INT_ISR                  
0     00000190  _ECAP4_INT_ISR                  
0     0000019a  _ECAP5_INT_ISR                  
0     000001a4  _ECAP6_INT_ISR                  
0     000001ae  _EQEP1_INT_ISR                  
0     000001b8  _EQEP2_INT_ISR                  
0     000001c2  _SPIRXINTA_ISR                  
0     000001cc  _SPITXINTA_ISR                  
0     000001d6  _MRINTB_ISR                     
0     000001e0  _MXINTB_ISR                     
0     000001ea  _MRINTA_ISR                     
0     000001f4  _MXINTA_ISR                     
0     000001fe  _DINTCH1_ISR                    
0     00000208  _DINTCH2_ISR                    
0     00000212  _DINTCH3_ISR                    
0     0000021c  _DINTCH4_ISR                    
0     00000226  _DINTCH5_ISR                    
0     00000230  _DINTCH6_ISR                    
0     0000023a  _I2CINT1A_ISR                   
0     00000244  _I2CINT2A_ISR                   
0     0000024e  _SCIRXINTC_ISR                  
0     00000258  _SCITXINTC_ISR                  
0     00000262  _SCIRXINTA_ISR                  
0     0000026c  _SCITXINTA_ISR                  
0     00000276  _SCIRXINTB_ISR                  
0     00000280  _SCITXINTB_ISR                  
0     0000028a  _ECAN0INTA_ISR                  
0     00000294  _ECAN1INTA_ISR                  
0     0000029e  _ECAN0INTB_ISR                  
0     000002a8  _ECAN1INTB_ISR                  
0     000002b2  _XINT3_ISR                      
0     000002bc  _XINT4_ISR                      
0     000002c6  _XINT5_ISR                      
0     000002d0  _XINT6_ISR                      
0     000002da  _XINT7_ISR                      
0     000002e4  _LVF_ISR                        
0     000002ee  _LUF_ISR                        
0     000002f8  _EMPTY_ISR                      
0     00000305  _PIE_RESERVED                   
0     0000030f  _rsvd_ISR                       
0     00000319  _Setkeybord                     
0     00000326  _Board_GetState                 
0     0000033a  _key_GetKeyBoardNum             
0     00000345  _KeyBoard_Tick                  
0     00000359  _keyboard_scan_lie              
0     000003ad  _InitXintf16Gpio                
0     00000407  _configtestled                  
0     00000461  _keyboard_init                  
0     00000469  _WriteLED                       
0     00000492  _WriteLEDs                      
0     000004b9  _Init_Digital                   
0     000004c3  _Initled_choose                 
0     000004f0  _SelectDigitalLed               
0     00000509  _InsertArray                    
0     00000522  _InsertArray1                   
0     00000543  ___mktime32                     
0     00000543  _mktime                         
0     000006cd  _InitMotorGPIO                  
0     000006e3  _InitXINT1                      
0     000006fb  _StepForward                    
0     00000719  _StepMotorForward               
0     0000073a  _StepMotorBackward              
0     00000754  _InitMotor                      
0     00000757  _MotorTest                      
0     000007ba  _StepMotor                      
0     000007e1  LL$$DIV                         
0     0000081d  LL$$MOD                         
0     00000857  ULL$$DIV                        
0     00000886  ULL$$MOD                        
0     000008e8  _InitSysCtrl                    
0     000008f1  _ServiceDog                     
0     000008fb  _DisableDog                     
0     00000903  _InitPll                        
0     00000953  _InitPeripheralClocks           
0     000009ae  _CsmUnlock                      
0     000009df  _UpdateTime                     
0     00000a13  _ShowDigitalNum                 
0     00000a55  _TimeSelect                     
0     00000aa5  _Time1Tick                      
0     00000ac6  _GetTime                        
0     00000ad5  ___localtime32                  
0     00000ad5  _localtime                      
0     00000b96  ___TI_writemsg                  
0     00000be9  C$$IO$$                         
0     00000bee  ___TI_readmsg                   
0     00000c2b  _DC_Moter                       
0     00000c76  _control_motor                  
0     00000cbf  _HardwareInit                   
0     00000ccc  _main                           
0     00000d53  _key_init                       
0     00000d61  _Key_GetState                   
0     00000d69  _key_GetNum                     
0     00000d74  _key_GetLongNum                 
0     00000d7f  _key_GetDoubleNum               
0     00000d9a  _key_GetTimeDoubleNum           
0     00000da5  _Key_Tick                       
0     00000dde  _InitCpuTimers                  
0     00000e23  _ConfigCpuTimer                 
0     00000e5d  _HOSTtime64                     
0     00000ea2  _HOSTtime                       
0     00000ed8  _cpu_timer1_isr                 
0     00000f14  _cpu_timer0_isr                 
0     00000f4c  _error                          
0     00000f56  _scib_loopback_init             
0     00000f6b  _scib_xmit                      
0     00000f73  _scib_fifo_init                 
0     00000f7f  _scic_loopback_init             
0     00000f94  _scic_xmit                      
0     00000f9c  _scic_fifo_init                 
0     00000fa8  _c_int00                        
0     00000ffe  _InitPieCtrl                    
0     0000101d  _EnableInterrupts               
0     0000104e  _InitLEDGPIO                    
0     00001060  _UpdateLEDs                     
0     0000107c  _writeLEDData                   
0     0000109e  _ScicRxFifoIsr                  
0     000010ab  _ScicTxFifoIsr                  
0     000010e4  _InitSci                        
0     000010e5  _InitSciGpio                    
0     000010e8  _InitSciaGpio                   
0     000010fe  _InitScicGpio                   
0     00001114  L$$DIV                          
0     00001123  L$$MOD                          
0     00001131  UL$$DIV                         
0     00001138  UL$$MOD                         
0     0000113e  C$$EXIT                         
0     0000113e  _abort                          
0     00001140  _exit                           
0     00001167  _copy_in                        
0     0000118b  I$$DIV                          
0     0000119c  I$$MOD                          
0     000011ad  _InitPieVectTable               
0     000011cd  LL$$CMP                         
0     000011df  ULL$$CMP                        
0     000011eb  _memcpy                         
0     00001208  __args_main                     
0     0000121a  _XINT1_ISR                      
0     00001227  ___time32                       
0     00001227  _time                           
0     00001232  U$$DIV                          
0     00001237  U$$MOD                          
0     0000123d  __register_unlock               
0     00001241  __register_lock                 
0     00001245  __nop                           
0     0000124e  __system_pre_init               
0     00001250  __system_post_cinit             
0     00001251  ___etext__                      
0     00001251  etext                           
0     00008000  ___cinit__                      
0     00008000  cinit                           
0     000080b5  _DSP28x_usDelay                 
0     00380080  _ADC_cal                        
1     00000400  __stack                         
1     00000600  __CIOBUF_                       
1     00000600  __STACK_END                     
1     00000880  _DevEmuRegs                     
1     00000a80  _FlashRegs                      
1     00000ae0  _CsmRegs                        
1     00000b00  _AdcMirror                      
1     00000b20  _XintfRegs                      
1     00000c00  _CpuTimer0Regs                  
1     00000c08  _CpuTimer1Regs                  
1     00000c10  _CpuTimer2Regs                  
1     00000ce0  _PieCtrlRegs                    
1     00000d00  _PieVectTable                   
1     00001000  _DmaRegs                        
1     00005000  _McbspaRegs                     
1     00005040  _McbspbRegs                     
1     00006000  _ECanaRegs                      
1     00006040  _ECanaLAMRegs                   
1     00006080  _ECanaMOTSRegs                  
1     000060c0  _ECanaMOTORegs                  
1     00006100  _ECanaMboxes                    
1     00006200  _ECanbRegs                      
1     00006240  _ECanbLAMRegs                   
1     00006280  _ECanbMOTSRegs                  
1     000062c0  _ECanbMOTORegs                  
1     00006300  _ECanbMboxes                    
1     00006800  _EPwm1Regs                      
1     00006840  _EPwm2Regs                      
1     00006880  _EPwm3Regs                      
1     000068c0  _EPwm4Regs                      
1     00006900  _EPwm5Regs                      
1     00006940  _EPwm6Regs                      
1     00006a00  _ECap1Regs                      
1     00006a20  _ECap2Regs                      
1     00006a40  _ECap3Regs                      
1     00006a60  _ECap4Regs                      
1     00006a80  _ECap5Regs                      
1     00006aa0  _ECap6Regs                      
1     00006b00  _EQep1Regs                      
1     00006b40  _EQep2Regs                      
1     00006f80  _GpioCtrlRegs                   
1     00006fc0  _GpioDataRegs                   
1     00006fe0  _GpioIntRegs                    
1     00007010  _SysCtrlRegs                    
1     00007040  _SpiaRegs                       
1     00007050  _SciaRegs                       
1     00007070  _XIntruptRegs                   
1     00007100  _AdcRegs                        
1     00007750  _ScibRegs                       
1     00007770  _ScicRegs                       
1     00007900  _I2caRegs                       
1     0000c000  _CpuTimer0                      
1     0000c008  _CpuTimer1                      
1     0000c010  _CpuTimer2                      
1     0000c018  _LedCode                        
1     0000c02c  __tz                            
1     0000c038  _led_choose                     
1     0000c040  _key_num                        
1     0000c041  _long_press                     
1     0000c042  _double_press                   
1     0000c043  _double_cnt                     
1     0000c04b  _keyboard_num                   
1     0000c04c  _count                          
1     0000c04d  _keypress                       
1     0000c04e  _keyx                           
1     0000c04f  _keyy                           
1     0000c050  _key_value                      
1     0000c051  _motor_state                    
1     0000c05e  _parmbuf                        
1     0000c066  ___TI_enable_exit_profile_output
1     0000c068  ___TI_cleanup_ptr               
1     0000c06a  ___TI_dtors_ptr                 
1     0000c072  _Backward                       
1     0000c076  _Forward                        
1     0000c07c  _p                              
1     0000c07e  _Count                          
1     0000c07f  _Flag                           
1     0000c080  _mytime                         
1     0000c084  __lock                          
1     0000c086  __unlock                        
1     0000c088  _ButtonPressCount               
1     0000c08a  _ErrorCount                     
1     0000c08b  _ReceivedChar                   
1     0000d000  _PieVectTableInit               
1     0033fff8  _CsmPwl                         
abs   00000200  __STACK_SIZE                    
abs   ffffffff  ___TI_pprof_out_hndl            
abs   ffffffff  ___TI_prof_data_size            
abs   ffffffff  ___TI_prof_data_start           
abs   ffffffff  ___binit__                      
abs   ffffffff  ___c_args__                     
abs   ffffffff  ___pinit__                      
abs   ffffffff  binit                           
abs   ffffffff  pinit                           

[288 symbols]
